Archive member included to satisfy reference by file (symbol)

C:\Users\10977\AppData\Local\arduino\sketches\550267F6FE740117F894C2CF98CCD822/..\..\cores\3ee09314b6a09af4599a5c0e5f7b4062\core.a(Print.cpp.o)
                              C:\Users\10977\AppData\Local\arduino\sketches\550267F6FE740117F894C2CF98CCD822\sketch\XIAO_SAMD21_Test_firmware.ino.cpp.o (Print::println(char const*))
C:\Users\10977\AppData\Local\arduino\sketches\550267F6FE740117F894C2CF98CCD822/..\..\cores\3ee09314b6a09af4599a5c0e5f7b4062\core.a(Retarget.cpp.o)
                              (__wrap__write)
C:\Users\10977\AppData\Local\arduino\sketches\550267F6FE740117F894C2CF98CCD822/..\..\cores\3ee09314b6a09af4599a5c0e5f7b4062\core.a(SERCOM.cpp.o)
                              C:\Users\10977\AppData\Local\arduino\sketches\550267F6FE740117F894C2CF98CCD822\core\variant.cpp.o (SERCOM::SERCOM(Sercom*))
C:\Users\10977\AppData\Local\arduino\sketches\550267F6FE740117F894C2CF98CCD822/..\..\cores\3ee09314b6a09af4599a5c0e5f7b4062\core.a(Stream.cpp.o)
                              C:\Users\10977\AppData\Local\arduino\sketches\550267F6FE740117F894C2CF98CCD822\sketch\XIAO_SAMD21_Test_firmware.ino.cpp.o (Stream::readStringUntil(char))
C:\Users\10977\AppData\Local\arduino\sketches\550267F6FE740117F894C2CF98CCD822/..\..\cores\3ee09314b6a09af4599a5c0e5f7b4062\core.a(CDC.cpp.o)
                              C:\Users\10977\AppData\Local\arduino\sketches\550267F6FE740117F894C2CF98CCD822\sketch\XIAO_SAMD21_Test_firmware.ino.cpp.o (Serial_::begin(unsigned long))
C:\Users\10977\AppData\Local\arduino\sketches\550267F6FE740117F894C2CF98CCD822/..\..\cores\3ee09314b6a09af4599a5c0e5f7b4062\core.a(USBCore.cpp.o)
                              C:\Users\10977\AppData\Local\arduino\sketches\550267F6FE740117F894C2CF98CCD822/..\..\cores\3ee09314b6a09af4599a5c0e5f7b4062\core.a(CDC.cpp.o) (USBDeviceClass::clear(unsigned long))
C:\Users\10977\AppData\Local\arduino\sketches\550267F6FE740117F894C2CF98CCD822/..\..\cores\3ee09314b6a09af4599a5c0e5f7b4062\core.a(Uart.cpp.o)
                              C:\Users\10977\AppData\Local\arduino\sketches\550267F6FE740117F894C2CF98CCD822\sketch\XIAO_SAMD21_Test_firmware.ino.cpp.o (Uart::begin(unsigned long))
C:\Users\10977\AppData\Local\arduino\sketches\550267F6FE740117F894C2CF98CCD822/..\..\cores\3ee09314b6a09af4599a5c0e5f7b4062\core.a(WString.cpp.o)
                              C:\Users\10977\AppData\Local\arduino\sketches\550267F6FE740117F894C2CF98CCD822\sketch\XIAO_SAMD21_Test_firmware.ino.cpp.o (String::~String())
C:\Users\10977\AppData\Local\arduino\sketches\550267F6FE740117F894C2CF98CCD822/..\..\cores\3ee09314b6a09af4599a5c0e5f7b4062\core.a(abi.cpp.o)
                              C:\Users\10977\AppData\Local\arduino\sketches\550267F6FE740117F894C2CF98CCD822/..\..\cores\3ee09314b6a09af4599a5c0e5f7b4062\core.a(Print.cpp.o) (__cxa_pure_virtual)
C:\Users\10977\AppData\Local\arduino\sketches\550267F6FE740117F894C2CF98CCD822/..\..\cores\3ee09314b6a09af4599a5c0e5f7b4062\core.a(dtostrf.c.o)
                              C:\Users\10977\AppData\Local\arduino\sketches\550267F6FE740117F894C2CF98CCD822/..\..\cores\3ee09314b6a09af4599a5c0e5f7b4062\core.a(WString.cpp.o) (dtostrf)
C:\Users\10977\AppData\Local\arduino\sketches\550267F6FE740117F894C2CF98CCD822/..\..\cores\3ee09314b6a09af4599a5c0e5f7b4062\core.a(cortex_handlers.c.o)
                              (Reset_Handler)
C:\Users\10977\AppData\Local\arduino\sketches\550267F6FE740117F894C2CF98CCD822/..\..\cores\3ee09314b6a09af4599a5c0e5f7b4062\core.a(delay.c.o)
                              C:\Users\10977\AppData\Local\arduino\sketches\550267F6FE740117F894C2CF98CCD822/..\..\cores\3ee09314b6a09af4599a5c0e5f7b4062\core.a(Stream.cpp.o) (millis)
C:\Users\10977\AppData\Local\arduino\sketches\550267F6FE740117F894C2CF98CCD822/..\..\cores\3ee09314b6a09af4599a5c0e5f7b4062\core.a(hooks.c.o)
                              C:\Users\10977\AppData\Local\arduino\sketches\550267F6FE740117F894C2CF98CCD822/..\..\cores\3ee09314b6a09af4599a5c0e5f7b4062\core.a(Stream.cpp.o) (yield)
C:\Users\10977\AppData\Local\arduino\sketches\550267F6FE740117F894C2CF98CCD822/..\..\cores\3ee09314b6a09af4599a5c0e5f7b4062\core.a(itoa.c.o)
                              C:\Users\10977\AppData\Local\arduino\sketches\550267F6FE740117F894C2CF98CCD822/..\..\cores\3ee09314b6a09af4599a5c0e5f7b4062\core.a(WString.cpp.o) (ltoa)
C:\Users\10977\AppData\Local\arduino\sketches\550267F6FE740117F894C2CF98CCD822/..\..\cores\3ee09314b6a09af4599a5c0e5f7b4062\core.a(main.cpp.o)
                              c:/users/10977/appdata/local/arduino15/packages/seeeduino/tools/arm-none-eabi-gcc/7-2017q4/bin/../lib/gcc/arm-none-eabi/7.2.1/../../../../arm-none-eabi/lib/thumb/v6-m/crt0.o (main)
C:\Users\10977\AppData\Local\arduino\sketches\550267F6FE740117F894C2CF98CCD822/..\..\cores\3ee09314b6a09af4599a5c0e5f7b4062\core.a(new.cpp.o)
[...]
Memory Configuration

Name             Origin             Length             Attributes
FLASH            0x00002000         0x0003e000         xr
RAM              0x20000000         0x00008000         xrw
*default*        0x00000000         0xffffffff

Linker script and memory map

LOAD c:/users/10977/appdata/local/arduino15/packages/seeeduino/tools/arm-none-eabi-gcc/7-2017q4/bin/../lib/gcc/arm-none-eabi/7.2.1/thumb/v6-m/crti.o
LOAD c:/users/10977/appdata/local/arduino15/packages/seeeduino/tools/arm-none-eabi-gcc/7-2017q4/bin/../lib/gcc/arm-none-eabi/7.2.1/thumb/v6-m/crtbegin.o
LOAD c:/users/10977/appdata/local/arduino15/packages/seeeduino/tools/arm-none-eabi-gcc/7-2017q4/bin/../lib/gcc/arm-none-eabi/7.2.1/../../../../arm-none-eabi/lib/thumb/v6-m/crt0.o
LOAD C:\Users\10977\AppData\Local\arduino\sketches\550267F6FE740117F894C2CF98CCD822\sketch\XIAO_SAMD21_Test_firmware.ino.cpp.o
LOAD C:\Users\10977\AppData\Local\arduino\sketches\550267F6FE740117F894C2CF98CCD822\core\variant.cpp.o
START GROUP
LOAD C:\Users\10977\AppData\Local\Arduino15\packages\Seeeduino\tools\CMSIS\5.7.0/CMSIS/DSP/Lib/GCC/\libarm_cortexM0l_math.a
LOAD c:/users/10977/appdata/local/arduino15/packages/seeeduino/tools/arm-none-eabi-gcc/7-2017q4/bin/../lib/gcc/arm-none-eabi/7.2.1/../../../../arm-none-eabi/lib/thumb/v6-m\libm.a
LOAD C:\Users\10977\AppData\Local\arduino\sketches\550267F6FE740117F894C2CF98CCD822/..\..\cores\3ee09314b6a09af4599a5c0e5f7b4062\core.a
END GROUP
LOAD c:/users/10977/appdata/local/arduino15/packages/seeeduino/tools/arm-none-eabi-gcc/7-2017q4/bin/../lib/gcc/arm-none-eabi/7.2.1/../../../../arm-none-eabi/lib/thumb/v6-m\libstdc++_nano.a
LOAD c:/users/10977/appdata/local/arduino15/packages/seeeduino/tools/arm-none-eabi-gcc/7-2017q4/bin/../lib/gcc/arm-none-eabi/7.2.1/../../../../arm-none-eabi/lib/thumb/v6-m\libm.a
START GROUP
LOAD c:/users/10977/appdata/local/arduino15/packages/seeeduino/tools/arm-none-eabi-gcc/7-2017q4/bin/../lib/gcc/arm-none-eabi/7.2.1/thumb/v6-m\libgcc.a
LOAD c:/users/10977/appdata/local/arduino15/packages/seeeduino/tools/arm-none-eabi-gcc/7-2017q4/bin/../lib/gcc/arm-none-eabi/7.2.1/../../../../arm-none-eabi/lib/thumb/v6-m\libc_nano.a
END GROUP
START GROUP
LOAD c:/users/10977/appdata/local/arduino15/packages/seeeduino/tools/arm-none-eabi-gcc/7-2017q4/bin/../lib/gcc/arm-none-eabi/7.2.1/thumb/v6-m\libgcc.a
LOAD c:/users/10977/appdata/local/arduino15/packages/seeeduino/tools/arm-none-eabi-gcc/7-2017q4/bin/../lib/gcc/arm-none-eabi/7.2.1/../../../../arm-none-eabi/lib/thumb/v6-m\libc_nano.a
LOAD c:/users/10977/appdata/local/arduino15/packages/seeeduino/tools/arm-none-eabi-gcc/7-2017q4/bin/../lib/gcc/arm-none-eabi/7.2.1/../../../../arm-none-eabi/lib/thumb/v6-m\libnosys.a
END GROUP
START GROUP
LOAD c:/users/10977/appdata/local/arduino15/packages/seeeduino/tools/arm-none-eabi-gcc/7-2017q4/bin/../lib/gcc/arm-none-eabi/7.2.1/thumb/v6-m\libgcc.a
LOAD c:/users/10977/appdata/local/arduino15/packages/seeeduino/tools/arm-none-eabi-gcc/7-2017q4/bin/../lib/gcc/arm-none-eabi/7.2.1/../../../../arm-none-eabi/lib/thumb/v6-m\libc_nano.a
LOAD c:/users/10977/appdata/local/arduino15/packages/seeeduino/tools/arm-none-eabi-gcc/7-2017q4/bin/../lib/gcc/arm-none-eabi/7.2.1/../../../../arm-none-eabi/lib/thumb/v6-m\libnosys.a
END GROUP
LOAD c:/users/10977/appdata/local/arduino15/packages/seeeduino/tools/arm-none-eabi-gcc/7-2017q4/bin/../lib/gcc/arm-none-eabi/7.2.1/thumb/v6-m/crtend.o
LOAD c:/users/10977/appdata/local/arduino15/packages/seeeduino/tools/arm-none-eabi-gcc/7-2017q4/bin/../lib/gcc/arm-none-eabi/7.2.1/thumb/v6-m/crtn.o

.text           0x00002000     0x89a4
                0x00002000                __text_start__ = .
 *(.isr_vector)
 .isr_vector    0x00002000       0xb4 C:\Users\10977\AppData\Local\arduino\sketches\550267F6FE740117F894C2CF98CCD822/..\..\cores\3ee09314b6a09af4599a5c0e5f7b4062\core.a(cortex_handlers.c.o)
                0x00002000                exception_table
 *(.text*)
 .text          0x000020b4       0x48 c:/users/10977/appdata/local/arduino15/packages/seeeduino/tools/arm-none-eabi-gcc/7-2017q4/bin/../lib/gcc/arm-none-eabi/7.2.1/thumb/v6-m/crtbegin.o
 .text._Z8testGPIOv
                0x000020fc       0x58 C:\Users\10977\AppData\Local\arduino\sketches\550267F6FE740117F894C2CF98CCD822\sketch\XIAO_SAMD21_Test_firmware.ino.cpp.o
                0x000020fc                testGPIO()
 .text.setup    0x00002154       0x74 C:\Users\10977\AppData\Local\arduino\sketches\550267F6FE740117F894C2CF98CCD822\sketch\XIAO_SAMD21_Test_firmware.ino.cpp.o
                0x00002154                setup
 .text.loop     0x000021c8       0x98 C:\Users\10977\AppData\Local\arduino\sketches\550267F6FE740117F894C2CF98CCD822\sketch\XIAO_SAMD21_Test_firmware.ino.cpp.o
                0x000021c8                loop
 .text.SERCOM4_Handler
                0x00002260       0x10 C:\Users\10977\AppData\Local\arduino\sketches\550267F6FE740117F894C2CF98CCD822\core\variant.cpp.o
                0x00002260                SERCOM4_Handler
 .text.startup._GLOBAL__sub_I_g_APinDescription
                0x00002270       0x80 C:\Users\10977\AppData\Local\arduino\sketches\550267F6FE740117F894C2CF98CCD822\core\variant.cpp.o
 .text._ZN5Print5writeEPKhj
                0x000022f0       0x28 C:\Users\10977\AppData\Local\arduino\sketches\550267F6FE740117F894C2CF98CCD822/..\..\cores\3ee09314b6a09af4599a5c0e5f7b4062\core.a(Print.cpp.o)
                0x000022f0                Print::write(unsigned char const*, unsigned int)
 .text._ZN5Print5writeEPKc.part.2
                0x00002318       0x1a C:\Users\10977\AppData\Local\arduino\sketches\550267F6FE740117F894C2CF98CCD822/..\..\cores\3ee09314b6a09af4599a5c0e5f7b4062\core.a(Print.cpp.o)
 .text._ZN5Print5writeEPKc
                0x00002332       0x10 C:\Users\10977\AppData\Local\arduino\sketches\550267F6FE740117F894C2CF98CCD822/..\..\cores\3ee09314b6a09af4599a5c0e5f7b4062\core.a(Print.cpp.o)
                0x00002332                Print::write(char const*)
 *fill*         0x00002342        0x2 
 .text._ZN5Print7printlnEv
                0x00002344       0x10 C:\Users\10977\AppData\Local\arduino\sketches\550267F6FE740117F894C2CF98CCD822/..\..\cores\3ee09314b6a09af4599a5c0e5f7b4062\core.a(Print.cpp.o)
                0x00002344                Print::println()
 .text._ZN5Print7printlnEPKc
                0x00002354       0x14 C:\Users\10977\AppData\Local\arduino\sketches\550267F6FE740117F894C2CF98CCD822/..\..\cores\3ee09314b6a09af4599a5c0e5f7b4062\core.a(Print.cpp.o)
                0x00002354                Print::println(char const*)
 .text.__wrap__write
                0x00002368        0x4 C:\Users\10977\AppData\Local\arduino\sketches\550267F6FE740117F894C2CF98CCD822/..\..\cores\3ee09314b6a09af4599a5c0e5f7b4062\core.a(Retarget.cpp.o)
                0x00002368                __wrap__write
 .text._ZN6SERCOMC2EP6Sercom
                0x0000236c        0x4 C:\Users\10977\AppData\Local\arduino\sketches\550267F6FE740117F894C2CF98CCD822/..\..\cores\3ee09314b6a09af4599a5c0e5f7b4062\core.a(SERCOM.cpp.o)
                0x0000236c                SERCOM::SERCOM(Sercom*)
                0x0000236c                SERCOM::SERCOM(Sercom*)
 .text._ZN6SERCOM9initFrameE18SercomUartCharSize15SercomDataOrder16SercomParityMode19SercomNumberStopBit
                0x00002370       0x3a C:\Users\10977\AppData\Local\arduino\sketches\550267F6FE740117F894C2CF98CCD822/..\..\cores\3ee09314b6a09af4599a5c0e5f7b4062\core.a(SERCOM.cpp.o)
                0x00002370                SERCOM::initFrame(SercomUartCharSize, SercomDataOrder, SercomParityMode, SercomNumberStopBit)
 .text._ZN6SERCOM8initPadsE15SercomUartTXPad11SercomRXPad
                0x000023aa       0x26 C:\Users\10977\AppData\Local\arduino\sketches\550267F6FE740117F894C2CF98CCD822/..\..\cores\3ee09314b6a09af4599a5c0e5f7b4062\core.a(SERCOM.cpp.o)
                0x000023aa                SERCOM::initPads(SercomUartTXPad, SercomRXPad)
 .text._ZN6SERCOM9resetUARTEv
                0x000023d0       0x1a C:\Users\10977\AppData\Local\arduino\sketches\550267F6FE740117F894C2CF98CCD822/..\..\cores\3ee09314b6a09af4599a5c0e5f7b4062\core.a(SERCOM.cpp.o)
                0x000023d0                SERCOM::resetUART()
 .text._ZN6SERCOM10enableUARTEv
                0x000023ea       0x14 C:\Users\10977\AppData\Local\arduino\sketches\550267F6FE740117F894C2CF98CCD822/..\..\cores\3ee09314b6a09af4599a5c0e5f7b4062\core.a(SERCOM.cpp.o)
                0x000023ea                SERCOM::enableUART()
 .text._ZN6SERCOM9flushUARTEv
                0x000023fe       0x10 C:\Users\10977\AppData\Local\arduino\sketches\550267F6FE740117F894C2CF98CCD822/..\..\cores\3ee09314b6a09af4599a5c0e5f7b4062\core.a(SERCOM.cpp.o)
                0x000023fe                SERCOM::flushUART()
 .text._ZN6SERCOM15clearStatusUARTEv
                0x0000240e        0x8 C:\Users\10977\AppData\Local\arduino\sketches\550267F6FE740117F894C2CF98CCD822/..\..\cores\3ee09314b6a09af4599a5c0e5f7b4062\core.a(SERCOM.cpp.o)
                0x0000240e                SERCOM::clearStatusUART()
 .text._ZN6SERCOM17availableDataUARTEv
                0x00002416        0xa C:\Users\10977\AppData\Local\arduino\sketches\550267F6FE740117F894C2CF98CCD822/..\..\cores\3ee09314b6a09af4599a5c0e5f7b4062\core.a(SERCOM.cpp.o)
                0x00002416                SERCOM::availableDataUART()
 .text._ZN6SERCOM11isUARTErrorEv
                0x00002420        0x8 C:\Users\10977\AppData\Local\arduino\sketches\550267F6FE740117F894C2CF98CCD822/..\..\cores\3ee09314b6a09af4599a5c0e5f7b4062\core.a(SERCOM.cpp.o)
                0x00002420                SERCOM::isUARTError()
 .text._ZN6SERCOM20acknowledgeUARTErrorEv
                0x00002428        0xe C:\Users\10977\AppData\Local\arduino\sketches\550267F6FE740117F894C2CF98CCD822/..\..\cores\3ee09314b6a09af4599a5c0e5f7b4062\core.a(SERCOM.cpp.o)
                0x00002428                SERCOM::acknowledgeUARTError()
 .text._ZN6SERCOM16isFrameErrorUARTEv
                0x00002436        0xa C:\Users\10977\AppData\Local\arduino\sketches\550267F6FE740117F894C2CF98CCD822/..\..\cores\3ee09314b6a09af4599a5c0e5f7b4062\core.a(SERCOM.cpp.o)
                0x00002436                SERCOM::isFrameErrorUART()
 .text._ZN6SERCOM19clearFrameErrorUARTEv
                0x00002440        0xc C:\Users\10977\AppData\Local\arduino\sketches\550267F6FE740117F894C2CF98CCD822/..\..\cores\3ee09314b6a09af4599a5c0e5f7b4062\core.a(SERCOM.cpp.o)
                0x00002440                SERCOM::clearFrameErrorUART()
 .text._ZN6SERCOM23isDataRegisterEmptyUARTEv
                0x0000244c        0xa C:\Users\10977\AppData\Local\arduino\sketches\550267F6FE740117F894C2CF98CCD822/..\..\cores\3ee09314b6a09af4599a5c0e5f7b4062\core.a(SERCOM.cpp.o)
                0x0000244c                SERCOM::isDataRegisterEmptyUART()
 .text._ZN6SERCOM12readDataUARTEv
                0x00002456        0x8 C:\Users\10977\AppData\Local\arduino\sketches\550267F6FE740117F894C2CF98CCD822/..\..\cores\3ee09314b6a09af4599a5c0e5f7b4062\core.a(SERCOM.cpp.o)
                0x00002456                SERCOM::readDataUART()
 .text._ZN6SERCOM13writeDataUARTEh
                0x0000245e       0x10 C:\Users\10977\AppData\Local\arduino\sketches\550267F6FE740117F894C2CF98CCD822/..\..\cores\3ee09314b6a09af4599a5c0e5f7b4062\core.a(SERCOM.cpp.o)
                0x0000245e                SERCOM::writeDataUART(unsigned char)
 .text._ZN6SERCOM36enableDataRegisterEmptyInterruptUARTEv
                0x0000246e        0x8 C:\Users\10977\AppData\Local\arduino\sketches\550267F6FE740117F894C2CF98CCD822/..\..\cores\3ee09314b6a09af4599a5c0e5f7b4062\core.a(SERCOM.cpp.o)
                0x0000246e                SERCOM::enableDataRegisterEmptyInterruptUART()
 .text._ZN6SERCOM37disableDataRegisterEmptyInterruptUARTEv
                0x00002476        0x8 C:\Users\10977\AppData\Local\arduino\sketches\550267F6FE740117F894C2CF98CCD822/..\..\cores\3ee09314b6a09af4599a5c0e5f7b4062\core.a(SERCOM.cpp.o)
                0x00002476                SERCOM::disableDataRegisterEmptyInterruptUART()
 *fill*         0x0000247e        0x2 
 .text._ZN6SERCOM14getSercomIndexEv
                0x00002480       0x5c C:\Users\10977\AppData\Local\arduino\sketches\550267F6FE740117F894C2CF98CCD822/..\..\cores\3ee09314b6a09af4599a5c0e5f7b4062\core.a(SERCOM.cpp.o)
                0x00002480                SERCOM::getSercomIndex()
 .text._ZN6SERCOM13initClockNVICEv
                0x000024dc       0x90 C:\Users\10977\AppData\Local\arduino\sketches\550267F6FE740117F894C2CF98CCD822/..\..\cores\3ee09314b6a09af4599a5c0e5f7b4062\core.a(SERCOM.cpp.o)
                0x000024dc                SERCOM::initClockNVIC()
 .text._ZN6SERCOM8initUARTE14SercomUartMode20SercomUartSampleRatem
                0x0000256c       0x6c C:\Users\10977\AppData\Local\arduino\sketches\550267F6FE740117F894C2CF98CCD822/..\..\cores\3ee09314b6a09af4599a5c0e5f7b4062\core.a(SERCOM.cpp.o)
                0x0000256c                SERCOM::initUART(SercomUartMode, SercomUartSampleRate, unsigned long)
 .text._ZN6Stream9timedReadEv
                0x000025d8       0x2e C:\Users\10977\AppData\Local\arduino\sketches\550267F6FE740117F894C2CF98CCD822/..\..\cores\3ee09314b6a09af4599a5c0e5f7b4062\core.a(Stream.cpp.o)
                0x000025d8                Stream::timedRead()
 *fill*         0x00002606        0x2 
 .text._ZN6Stream15readStringUntilEc
                0x00002608       0x30 C:\Users\10977\AppData\Local\arduino\sketches\550267F6FE740117F894C2CF98CCD822/..\..\cores\3ee09314b6a09af4599a5c0e5f7b4062\core.a(Stream.cpp.o)
                0x00002608                Stream::readStringUntil(char)
 .text._ZN7Serial_17availableForWriteEv
                0x00002638        0x4 C:\Users\10977\AppData\Local\arduino\sketches\550267F6FE740117F894C2CF98CCD822/..\..\cores\3ee09314b6a09af4599a5c0e5f7b4062\core.a(CDC.cpp.o)
                0x00002638                Serial_::availableForWrite()
 .text._ZN7Serial_5writeEh
                0x0000263c       0x14 C:\Users\10977\AppData\Local\arduino\sketches\550267F6FE740117F894C2CF98CCD822/..\..\cores\3ee09314b6a09af4599a5c0e5f7b4062\core.a(CDC.cpp.o)
                0x0000263c                Serial_::write(unsigned char)
 .text._ZN7Serial_9availableEv
                0x00002650       0x1c C:\Users\10977\AppData\Local\arduino\sketches\550267F6FE740117F894C2CF98CCD822/..\..\cores\3ee09314b6a09af4599a5c0e5f7b4062\core.a(CDC.cpp.o)
                0x00002650                Serial_::available()
 .text._ZN7Serial_5flushEv
                0x0000266c        0xc C:\Users\10977\AppData\Local\arduino\sketches\550267F6FE740117F894C2CF98CCD822/..\..\cores\3ee09314b6a09af4599a5c0e5f7b4062\core.a(CDC.cpp.o)
                0x0000266c                Serial_::flush()
 .text._ZN7Serial_5clearEv
                0x00002678        0xc C:\Users\10977\AppData\Local\arduino\sketches\550267F6FE740117F894C2CF98CCD822/..\..\cores\3ee09314b6a09af4599a5c0e5f7b4062\core.a(CDC.cpp.o)
                0x00002678                Serial_::clear()
 .text._ZN7Serial_4peekEv
                0x00002684       0x1c C:\Users\10977\AppData\Local\arduino\sketches\550267F6FE740117F894C2CF98CCD822/..\..\cores\3ee09314b6a09af4599a5c0e5f7b4062\core.a(CDC.cpp.o)
                0x00002684                Serial_::peek()
 .text._ZN7Serial_4readEv
                0x000026a0       0x24 C:\Users\10977\AppData\Local\arduino\sketches\550267F6FE740117F894C2CF98CCD822/..\..\cores\3ee09314b6a09af4599a5c0e5f7b4062\core.a(CDC.cpp.o)
                0x000026a0                Serial_::read()
 .text._ZN7Serial_5writeEPKhj
                0x000026c4       0x30 C:\Users\10977\AppData\Local\arduino\sketches\550267F6FE740117F894C2CF98CCD822/..\..\cores\3ee09314b6a09af4599a5c0e5f7b4062\core.a(CDC.cpp.o)
                0x000026c4                Serial_::write(unsigned char const*, unsigned int)
 .text._Z16CDC_GetInterfacePh
                0x000026f4       0x1c C:\Users\10977\AppData\Local\arduino\sketches\550267F6FE740117F894C2CF98CCD822/..\..\cores\3ee09314b6a09af4599a5c0e5f7b4062\core.a(CDC.cpp.o)
                0x000026f4                CDC_GetInterface(unsigned char*)
 .text._Z9CDC_SetupR8USBSetup
                0x00002710       0x7c C:\Users\10977\AppData\Local\arduino\sketches\550267F6FE740117F894C2CF98CCD822/..\..\cores\3ee09314b6a09af4599a5c0e5f7b4062\core.a(CDC.cpp.o)
                0x00002710                CDC_Setup(USBSetup&)
 .text._ZN7Serial_5beginEm
                0x0000278c        0x6 C:\Users\10977\AppData\Local\arduino\sketches\550267F6FE740117F894C2CF98CCD822/..\..\cores\3ee09314b6a09af4599a5c0e5f7b4062\core.a(CDC.cpp.o)
                0x0000278c                Serial_::begin(unsigned long)
 *fill*         0x00002792        0x2 
 .text.startup._GLOBAL__sub_I__Z17_CDC_GetInterfacev
                0x00002794       0x28 C:\Users\10977\AppData\Local\arduino\sketches\550267F6FE740117F894C2CF98CCD822/..\..\cores\3ee09314b6a09af4599a5c0e5f7b4062\core.a(CDC.cpp.o)
 .text._ZN26DoubleBufferedEPOutHandlerD2Ev
                0x000027bc        0x2 C:\Users\10977\AppData\Local\arduino\sketches\550267F6FE740117F894C2CF98CCD822/..\..\cores\3ee09314b6a09af4599a5c0e5f7b4062\core.a(USBCore.cpp.o)
                0x000027bc                DoubleBufferedEPOutHandler::~DoubleBufferedEPOutHandler()
                0x000027bc                DoubleBufferedEPOutHandler::~DoubleBufferedEPOutHandler()
 .text._ZN26DoubleBufferedEPOutHandler4initEv
                0x000027be        0x2 C:\Users\10977\AppData\Local\arduino\sketches\550267F6FE740117F894C2CF98CCD822/..\..\cores\3ee09314b6a09af4599a5c0e5f7b4062\core.a(USBCore.cpp.o)
                0x000027be                DoubleBufferedEPOutHandler::init()
 .text._ZL5utox8mPc
                0x000027c0       0x24 C:\Users\10977\AppData\Local\arduino\sketches\550267F6FE740117F894C2CF98CCD822/..\..\cores\3ee09314b6a09af4599a5c0e5f7b4062\core.a(USBCore.cpp.o)
 .text._ZN26DoubleBufferedEPOutHandlerD0Ev
                0x000027e4       0x10 C:\Users\10977\AppData\Local\arduino\sketches\550267F6FE740117F894C2CF98CCD822/..\..\cores\3ee09314b6a09af4599a5c0e5f7b4062\core.a(USBCore.cpp.o)
                0x000027e4                DoubleBufferedEPOutHandler::~DoubleBufferedEPOutHandler()
 .text._ZN14USBDeviceClass6initEPEmm.part.8
                0x000027f4       0xe0 C:\Users\10977\AppData\Local\arduino\sketches\550267F6FE740117F894C2CF98CCD822/..\..\cores\3ee09314b6a09af4599a5c0e5f7b4062\core.a(USBCore.cpp.o)
 .text._ZN7__GuardC2Ev
                0x000028d4        0xe C:\Users\10977\AppData\Local\arduino\sketches\550267F6FE740117F894C2CF98CCD822/..\..\cores\3ee09314b6a09af4599a5c0e5f7b4062\core.a(USBCore.cpp.o)
                0x000028d4                __Guard::__Guard()
                0x000028d4                __Guard::__Guard()
 .text._ZN7__GuardD2Ev
                0x000028e2        0xe C:\Users\10977\AppData\Local\arduino\sketches\550267F6FE740117F894C2CF98CCD822/..\..\cores\3ee09314b6a09af4599a5c0e5f7b4062\core.a(USBCore.cpp.o)
                0x000028e2                __Guard::~__Guard()
                0x000028e2                __Guard::~__Guard()
 .text._ZNK26DoubleBufferedEPOutHandler10_availableEv
                0x000028f0       0x6a C:\Users\10977\AppData\Local\arduino\sketches\550267F6FE740117F894C2CF98CCD822/..\..\cores\3ee09314b6a09af4599a5c0e5f7b4062\core.a(USBCore.cpp.o)
                0x000028f0                DoubleBufferedEPOutHandler::_available() const
 *fill*         0x0000295a        0x2 
 .text._ZN26DoubleBufferedEPOutHandler7releaseEv
                0x0000295c       0x3c C:\Users\10977\AppData\Local\arduino\sketches\550267F6FE740117F894C2CF98CCD822/..\..\cores\3ee09314b6a09af4599a5c0e5f7b4062\core.a(USBCore.cpp.o)
                0x0000295c                DoubleBufferedEPOutHandler::release()
 .text._ZN26DoubleBufferedEPOutHandler14handleEndpointEv
                0x00002998       0xdc C:\Users\10977\AppData\Local\arduino\sketches\550267F6FE740117F894C2CF98CCD822/..\..\cores\3ee09314b6a09af4599a5c0e5f7b4062\core.a(USBCore.cpp.o)
                0x00002998                DoubleBufferedEPOutHandler::handleEndpoint()
 .text._ZN26DoubleBufferedEPOutHandler5_recvEv
                0x00002a74      0x184 C:\Users\10977\AppData\Local\arduino\sketches\550267F6FE740117F894C2CF98CCD822/..\..\cores\3ee09314b6a09af4599a5c0e5f7b4062\core.a(USBCore.cpp.o)
                0x00002a74                DoubleBufferedEPOutHandler::_recv()
 .text._ZN26DoubleBufferedEPOutHandler4peekEv
                0x00002bf8       0x22 C:\Users\10977\AppData\Local\arduino\sketches\550267F6FE740117F894C2CF98CCD822/..\..\cores\3ee09314b6a09af4599a5c0e5f7b4062\core.a(USBCore.cpp.o)
                0x00002bf8                DoubleBufferedEPOutHandler::peek()
 .text._ZN26DoubleBufferedEPOutHandler9availableEv
                0x00002c1a       0x18 C:\Users\10977\AppData\Local\arduino\sketches\550267F6FE740117F894C2CF98CCD822/..\..\cores\3ee09314b6a09af4599a5c0e5f7b4062\core.a(USBCore.cpp.o)
                0x00002c1a                DoubleBufferedEPOutHandler::available()
 .text._ZN26DoubleBufferedEPOutHandler4recvEPvm
                0x00002c32       0x72 C:\Users\10977\AppData\Local\arduino\sketches\550267F6FE740117F894C2CF98CCD822/..\..\cores\3ee09314b6a09af4599a5c0e5f7b4062\core.a(USBCore.cpp.o)
                0x00002c32                DoubleBufferedEPOutHandler::recv(void*, unsigned long)
 .text._ZN14USBDeviceClass14SendInterfacesEPm
                0x00002ca4       0x2c C:\Users\10977\AppData\Local\arduino\sketches\550267F6FE740117F894C2CF98CCD822/..\..\cores\3ee09314b6a09af4599a5c0e5f7b4062\core.a(USBCore.cpp.o)
                0x00002ca4                USBDeviceClass::SendInterfaces(unsigned long*)
 .text._ZN14USBDeviceClass14handleEndpointEh
                0x00002cd0       0x48 C:\Users\10977\AppData\Local\arduino\sketches\550267F6FE740117F894C2CF98CCD822/..\..\cores\3ee09314b6a09af4599a5c0e5f7b4062\core.a(USBCore.cpp.o)
                0x00002cd0                USBDeviceClass::handleEndpoint(unsigned char)
 .text._ZN14USBDeviceClass4initEv
                0x00002d18      0x110 C:\Users\10977\AppData\Local\arduino\sketches\550267F6FE740117F894C2CF98CCD822/..\..\cores\3ee09314b6a09af4599a5c0e5f7b4062\core.a(USBCore.cpp.o)
                0x00002d18                USBDeviceClass::init()
 .text._ZN14USBDeviceClass6attachEv
                0x00002e28       0x34 C:\Users\10977\AppData\Local\arduino\sketches\550267F6FE740117F894C2CF98CCD822/..\..\cores\3ee09314b6a09af4599a5c0e5f7b4062\core.a(USBCore.cpp.o)
                0x00002e28                USBDeviceClass::attach()
 .text._ZN14USBDeviceClass10setAddressEm
                0x00002e5c       0x48 C:\Users\10977\AppData\Local\arduino\sketches\550267F6FE740117F894C2CF98CCD822/..\..\cores\3ee09314b6a09af4599a5c0e5f7b4062\core.a(USBCore.cpp.o)
                0x00002e5c                USBDeviceClass::setAddress(unsigned long)
 .text._ZN14USBDeviceClass25handleClassInterfaceSetupER8USBSetup
                0x00002ea4       0x44 C:\Users\10977\AppData\Local\arduino\sketches\550267F6FE740117F894C2CF98CCD822/..\..\cores\3ee09314b6a09af4599a5c0e5f7b4062\core.a(USBCore.cpp.o)
                0x00002ea4                USBDeviceClass::handleClassInterfaceSetup(USBSetup&)
 .text._ZN14USBDeviceClass6initEPEmm
                0x00002ee8      0x12c C:\Users\10977\AppData\Local\arduino\sketches\550267F6FE740117F894C2CF98CCD822/..\..\cores\3ee09314b6a09af4599a5c0e5f7b4062\core.a(USBCore.cpp.o)
                0x00002ee8                USBDeviceClass::initEP(unsigned long, unsigned long)
 .text._ZN14USBDeviceClass13initEndpointsEv
                0x00003014       0x24 C:\Users\10977\AppData\Local\arduino\sketches\550267F6FE740117F894C2CF98CCD822/..\..\cores\3ee09314b6a09af4599a5c0e5f7b4062\core.a(USBCore.cpp.o)
                0x00003014                USBDeviceClass::initEndpoints()
 .text._ZN14USBDeviceClass5clearEm
                0x00003038       0x38 C:\Users\10977\AppData\Local\arduino\sketches\550267F6FE740117F894C2CF98CCD822/..\..\cores\3ee09314b6a09af4599a5c0e5f7b4062\core.a(USBCore.cpp.o)
                0x00003038                USBDeviceClass::clear(unsigned long)
 .text._ZN14USBDeviceClass9availableEm
                0x00003070       0x2c C:\Users\10977\AppData\Local\arduino\sketches\550267F6FE740117F894C2CF98CCD822/..\..\cores\3ee09314b6a09af4599a5c0e5f7b4062\core.a(USBCore.cpp.o)
                0x00003070                USBDeviceClass::available(unsigned long)
 .text._ZN14USBDeviceClass5flushEm
                0x0000309c       0x2c C:\Users\10977\AppData\Local\arduino\sketches\550267F6FE740117F894C2CF98CCD822/..\..\cores\3ee09314b6a09af4599a5c0e5f7b4062\core.a(USBCore.cpp.o)
                0x0000309c                USBDeviceClass::flush(unsigned long)
 .text._ZN14USBDeviceClass14armRecvCtrlOUTEm
                0x000030c8       0x5c C:\Users\10977\AppData\Local\arduino\sketches\550267F6FE740117F894C2CF98CCD822/..\..\cores\3ee09314b6a09af4599a5c0e5f7b4062\core.a(USBCore.cpp.o)
                0x000030c8                USBDeviceClass::armRecvCtrlOUT(unsigned long)
 .text._ZN14USBDeviceClass11recvControlEPvm
                0x00003124       0x3c C:\Users\10977\AppData\Local\arduino\sketches\550267F6FE740117F894C2CF98CCD822/..\..\cores\3ee09314b6a09af4599a5c0e5f7b4062\core.a(USBCore.cpp.o)
                0x00003124                USBDeviceClass::recvControl(void*, unsigned long)
 .text._ZN14USBDeviceClass7armRecvEm
                0x00003160       0x38 C:\Users\10977\AppData\Local\arduino\sketches\550267F6FE740117F894C2CF98CCD822/..\..\cores\3ee09314b6a09af4599a5c0e5f7b4062\core.a(USBCore.cpp.o)
                0x00003160                USBDeviceClass::armRecv(unsigned long)
 .text._ZN14USBDeviceClass4recvEmPvm
                0x00003198       0xd8 C:\Users\10977\AppData\Local\arduino\sketches\550267F6FE740117F894C2CF98CCD822/..\..\cores\3ee09314b6a09af4599a5c0e5f7b4062\core.a(USBCore.cpp.o)
                0x00003198                USBDeviceClass::recv(unsigned long, void*, unsigned long)
 .text._ZN14USBDeviceClass4recvEm
                0x00003270       0x1c C:\Users\10977\AppData\Local\arduino\sketches\550267F6FE740117F894C2CF98CCD822/..\..\cores\3ee09314b6a09af4599a5c0e5f7b4062\core.a(USBCore.cpp.o)
                0x00003270                USBDeviceClass::recv(unsigned long)
 .text._ZN14USBDeviceClass4sendEmPKvm
                0x0000328c      0x110 C:\Users\10977\AppData\Local\arduino\sketches\550267F6FE740117F894C2CF98CCD822/..\..\cores\3ee09314b6a09af4599a5c0e5f7b4062\core.a(USBCore.cpp.o)
                0x0000328c                USBDeviceClass::send(unsigned long, void const*, unsigned long)
 .text._ZN14USBDeviceClass7armSendEmPKvm
                0x0000339c       0x48 C:\Users\10977\AppData\Local\arduino\sketches\550267F6FE740117F894C2CF98CCD822/..\..\cores\3ee09314b6a09af4599a5c0e5f7b4062\core.a(USBCore.cpp.o)
                0x0000339c                USBDeviceClass::armSend(unsigned long, void const*, unsigned long)
 .text._ZN14USBDeviceClass11sendControlEPKvm
                0x000033e4       0x54 C:\Users\10977\AppData\Local\arduino\sketches\550267F6FE740117F894C2CF98CCD822/..\..\cores\3ee09314b6a09af4599a5c0e5f7b4062\core.a(USBCore.cpp.o)
                0x000033e4                USBDeviceClass::sendControl(void const*, unsigned long)
 .text._ZN14USBDeviceClass20sendStringDescriptorEPKhh
                0x00003438       0x68 C:\Users\10977\AppData\Local\arduino\sketches\550267F6FE740117F894C2CF98CCD822/..\..\cores\3ee09314b6a09af4599a5c0e5f7b4062\core.a(USBCore.cpp.o)
                0x00003438                USBDeviceClass::sendStringDescriptor(unsigned char const*, unsigned char)
 .text._ZN14USBDeviceClass17sendConfigurationEm
                0x000034a0       0x80 C:\Users\10977\AppData\Local\arduino\sketches\550267F6FE740117F894C2CF98CCD822/..\..\cores\3ee09314b6a09af4599a5c0e5f7b4062\core.a(USBCore.cpp.o)
                0x000034a0                USBDeviceClass::sendConfiguration(unsigned long)
 .text._ZN14USBDeviceClass14sendDescriptorER8USBSetup
                0x00003520       0xf0 C:\Users\10977\AppData\Local\arduino\sketches\550267F6FE740117F894C2CF98CCD822/..\..\cores\3ee09314b6a09af4599a5c0e5f7b4062\core.a(USBCore.cpp.o)
                0x00003520                USBDeviceClass::sendDescriptor(USBSetup&)
 .text._ZN14USBDeviceClass19handleStandardSetupER8USBSetup
                0x00003610      0x104 C:\Users\10977\AppData\Local\arduino\sketches\550267F6FE740117F894C2CF98CCD822/..\..\cores\3ee09314b6a09af4599a5c0e5f7b4062\core.a(USBCore.cpp.o)
                0x00003610                USBDeviceClass::handleStandardSetup(USBSetup&)
 .text._ZN14USBDeviceClass10ISRHandlerEv
                0x00003714      0x140 C:\Users\10977\AppData\Local\arduino\sketches\550267F6FE740117F894C2CF98CCD822/..\..\cores\3ee09314b6a09af4599a5c0e5f7b4062\core.a(USBCore.cpp.o)
                0x00003714                USBDeviceClass::ISRHandler()
 .text.UDD_Handler
                0x00003854       0x10 C:\Users\10977\AppData\Local\arduino\sketches\550267F6FE740117F894C2CF98CCD822/..\..\cores\3ee09314b6a09af4599a5c0e5f7b4062\core.a(USBCore.cpp.o)
                0x00003854                UDD_Handler
 .text.startup._GLOBAL__sub_I_usbd
                0x00003864       0x10 C:\Users\10977\AppData\Local\arduino\sketches\550267F6FE740117F894C2CF98CCD822/..\..\cores\3ee09314b6a09af4599a5c0e5f7b4062\core.a(USBCore.cpp.o)
 .text._ZN4UartcvbEv
                0x00003874        0x4 C:\Users\10977\AppData\Local\arduino\sketches\550267F6FE740117F894C2CF98CCD822/..\..\cores\3ee09314b6a09af4599a5c0e5f7b4062\core.a(Uart.cpp.o)
                0x00003874                Uart::operator bool()
 .text._ZN4Uart5beginEm
                0x00003878       0x10 C:\Users\10977\AppData\Local\arduino\sketches\550267F6FE740117F894C2CF98CCD822/..\..\cores\3ee09314b6a09af4599a5c0e5f7b4062\core.a(Uart.cpp.o)
                0x00003878                Uart::begin(unsigned long)
 .text._ZN4Uart4peekEv
                0x00003888       0x1a C:\Users\10977\AppData\Local\arduino\sketches\550267F6FE740117F894C2CF98CCD822/..\..\cores\3ee09314b6a09af4599a5c0e5f7b4062\core.a(Uart.cpp.o)
                0x00003888                Uart::peek()
 .text._ZN4Uart3endEv
                0x000038a2       0x20 C:\Users\10977\AppData\Local\arduino\sketches\550267F6FE740117F894C2CF98CCD822/..\..\cores\3ee09314b6a09af4599a5c0e5f7b4062\core.a(Uart.cpp.o)
                0x000038a2                Uart::end()
 .text._ZN4Uart16extractNbStopBitEt
                0x000038c2        0xc C:\Users\10977\AppData\Local\arduino\sketches\550267F6FE740117F894C2CF98CCD822/..\..\cores\3ee09314b6a09af4599a5c0e5f7b4062\core.a(Uart.cpp.o)
                0x000038c2                Uart::extractNbStopBit(unsigned short)
 .text._ZN4Uart15extractCharSizeEt
                0x000038ce       0x28 C:\Users\10977\AppData\Local\arduino\sketches\550267F6FE740117F894C2CF98CCD822/..\..\cores\3ee09314b6a09af4599a5c0e5f7b4062\core.a(Uart.cpp.o)
                0x000038ce                Uart::extractCharSize(unsigned short)
 .text._ZN4Uart13extractParityEt
                0x000038f6       0x14 C:\Users\10977\AppData\Local\arduino\sketches\550267F6FE740117F894C2CF98CCD822/..\..\cores\3ee09314b6a09af4599a5c0e5f7b4062\core.a(Uart.cpp.o)
                0x000038f6                Uart::extractParity(unsigned short)
 *fill*         0x0000390a        0x2 
 .text._ZN4Uart5beginEmt
                0x0000390c       0xf8 C:\Users\10977\AppData\Local\arduino\sketches\550267F6FE740117F894C2CF98CCD822/..\..\cores\3ee09314b6a09af4599a5c0e5f7b4062\core.a(Uart.cpp.o)
                0x0000390c                Uart::begin(unsigned long, unsigned short)
 .text._ZN11RingBufferNILi256EEC2Ev
                0x00003a04       0x1c C:\Users\10977\AppData\Local\arduino\sketches\550267F6FE740117F894C2CF98CCD822/..\..\cores\3ee09314b6a09af4599a5c0e5f7b4062\core.a(Uart.cpp.o)
                0x00003a04                RingBufferN<256>::RingBufferN()
                0x00003a04                RingBufferN<256>::RingBufferN()
 .text._ZN4UartC2EP6SERCOMhh11SercomRXPad15SercomUartTXPad
                0x00003a20       0x74 C:\Users\10977\AppData\Local\arduino\sketches\550267F6FE740117F894C2CF98CCD822/..\..\cores\3ee09314b6a09af4599a5c0e5f7b4062\core.a(Uart.cpp.o)
                0x00003a20                Uart::Uart(SERCOM*, unsigned char, unsigned char, SercomRXPad, SercomUartTXPad)
                0x00003a20                Uart::Uart(SERCOM*, unsigned char, unsigned char, SercomRXPad, SercomUartTXPad)
 .text._ZN11RingBufferNILi256EE17availableForStoreEv
                0x00003a94       0x20 C:\Users\10977\AppData\Local\arduino\sketches\550267F6FE740117F894C2CF98CCD822/..\..\cores\3ee09314b6a09af4599a5c0e5f7b4062\core.a(Uart.cpp.o)
                0x00003a94                RingBufferN<256>::availableForStore()
 .text._ZN4Uart17availableForWriteEv
                0x00003ab4        0xc C:\Users\10977\AppData\Local\arduino\sketches\550267F6FE740117F894C2CF98CCD822/..\..\cores\3ee09314b6a09af4599a5c0e5f7b4062\core.a(Uart.cpp.o)
                0x00003ab4                Uart::availableForWrite()
 .text._ZN4Uart4readEv
                0x00003ac0       0x4c C:\Users\10977\AppData\Local\arduino\sketches\550267F6FE740117F894C2CF98CCD822/..\..\cores\3ee09314b6a09af4599a5c0e5f7b4062\core.a(Uart.cpp.o)
                0x00003ac0                Uart::read()
 .text._ZN11RingBufferNILi256EE9availableEv
                0x00003b0c       0x12 C:\Users\10977\AppData\Local\arduino\sketches\550267F6FE740117F894C2CF98CCD822/..\..\cores\3ee09314b6a09af4599a5c0e5f7b4062\core.a(Uart.cpp.o)
                0x00003b0c                RingBufferN<256>::available()
 .text._ZN4Uart5flushEv
                0x00003b1e       0x1a C:\Users\10977\AppData\Local\arduino\sketches\550267F6FE740117F894C2CF98CCD822/..\..\cores\3ee09314b6a09af4599a5c0e5f7b4062\core.a(Uart.cpp.o)
                0x00003b1e                Uart::flush()
 .text._ZN4Uart9availableEv
                0x00003b38        0xa C:\Users\10977\AppData\Local\arduino\sketches\550267F6FE740117F894C2CF98CCD822/..\..\cores\3ee09314b6a09af4599a5c0e5f7b4062\core.a(Uart.cpp.o)
                0x00003b38                Uart::available()
 .text._ZN4Uart10IrqHandlerEv
                0x00003b42       0xcc C:\Users\10977\AppData\Local\arduino\sketches\550267F6FE740117F894C2CF98CCD822/..\..\cores\3ee09314b6a09af4599a5c0e5f7b4062\core.a(Uart.cpp.o)
                0x00003b42                Uart::IrqHandler()
 *fill*         0x00003c0e        0x2 
 .text._ZN4Uart5writeEh
                0x00003c10       0xb4 C:\Users\10977\AppData\Local\arduino\sketches\550267F6FE740117F894C2CF98CCD822/..\..\cores\3ee09314b6a09af4599a5c0e5f7b4062\core.a(Uart.cpp.o)
                0x00003c10                Uart::write(unsigned char)
 .text._ZN6StringD2Ev
                0x00003cc4        0xe C:\Users\10977\AppData\Local\arduino\sketches\550267F6FE740117F894C2CF98CCD822/..\..\cores\3ee09314b6a09af4599a5c0e5f7b4062\core.a(WString.cpp.o)
                0x00003cc4                String::~String()
                0x00003cc4                String::~String()
 .text._ZN6String10invalidateEv
                0x00003cd2       0x18 C:\Users\10977\AppData\Local\arduino\sketches\550267F6FE740117F894C2CF98CCD822/..\..\cores\3ee09314b6a09af4599a5c0e5f7b4062\core.a(WString.cpp.o)
                0x00003cd2                String::invalidate()
 .text._ZN6String12changeBufferEj
                0x00003cea       0x18 C:\Users\10977\AppData\Local\arduino\sketches\550267F6FE740117F894C2CF98CCD822/..\..\cores\3ee09314b6a09af4599a5c0e5f7b4062\core.a(WString.cpp.o)
                0x00003cea                String::changeBuffer(unsigned int)
 .text._ZN6String7reserveEj
                0x00003d02       0x2a C:\Users\10977\AppData\Local\arduino\sketches\550267F6FE740117F894C2CF98CCD822/..\..\cores\3ee09314b6a09af4599a5c0e5f7b4062\core.a(WString.cpp.o)
                0x00003d02                String::reserve(unsigned int)
 .text._ZN6String4copyEPKcj
                0x00003d2c       0x28 C:\Users\10977\AppData\Local\arduino\sketches\550267F6FE740117F894C2CF98CCD822/..\..\cores\3ee09314b6a09af4599a5c0e5f7b4062\core.a(WString.cpp.o)
                0x00003d2c                String::copy(char const*, unsigned int)
 .text._ZN6StringC2EPKc
                0x00003d54       0x26 C:\Users\10977\AppData\Local\arduino\sketches\550267F6FE740117F894C2CF98CCD822/..\..\cores\3ee09314b6a09af4599a5c0e5f7b4062\core.a(WString.cpp.o)
                0x00003d54                String::String(char const*)
                0x00003d54                String::String(char const*)
 .text._ZN6String6concatEPKcj
                0x00003d7a       0x32 C:\Users\10977\AppData\Local\arduino\sketches\550267F6FE740117F894C2CF98CCD822/..\..\cores\3ee09314b6a09af4599a5c0e5f7b4062\core.a(WString.cpp.o)
                0x00003d7a                String::concat(char const*, unsigned int)
 .text._ZN6String6concatEc
                0x00003dac       0x14 C:\Users\10977\AppData\Local\arduino\sketches\550267F6FE740117F894C2CF98CCD822/..\..\cores\3ee09314b6a09af4599a5c0e5f7b4062\core.a(WString.cpp.o)
                0x00003dac                String::concat(char)
 .text._ZNK6String16equalsIgnoreCaseERKS_
                0x00003dc0       0x40 C:\Users\10977\AppData\Local\arduino\sketches\550267F6FE740117F894C2CF98CCD822/..\..\cores\3ee09314b6a09af4599a5c0e5f7b4062\core.a(WString.cpp.o)
                0x00003dc0                String::equalsIgnoreCase(String const&) const
 .text._ZN6String4trimEv
                0x00003e00       0x52 C:\Users\10977\AppData\Local\arduino\sketches\550267F6FE740117F894C2CF98CCD822/..\..\cores\3ee09314b6a09af4599a5c0e5f7b4062\core.a(WString.cpp.o)
                0x00003e00                String::trim()
 .text.Dummy_Handler
                0x00003e52        0x2 C:\Users\10977\AppData\Local\arduino\sketches\550267F6FE740117F894C2CF98CCD822/..\..\cores\3ee09314b6a09af4599a5c0e5f7b4062\core.a(cortex_handlers.c.o)
                0x00003e52                DMAC_Handler
                0x00003e52                HardFault_Handler
                0x00003e52                AC_Handler
                0x00003e52                PendSV_Handler
                0x00003e52                NMI_Handler
                0x00003e52                TC7_Handler
                0x00003e52                SERCOM1_Handler
                0x00003e52                ADC_Handler
                0x00003e52                TCC1_Handler
                0x00003e52                SERCOM2_Handler
                0x00003e52                TCC0_Handler
                0x00003e52                RTC_Handler
                0x00003e52                EIC_Handler
                0x00003e52                TC6_Handler
                0x00003e52                WDT_Handler
                0x00003e52                TC4_Handler
                0x00003e52                TC3_Handler
                0x00003e52                Dummy_Handler
                0x00003e52                PM_Handler
                0x00003e52                SERCOM5_Handler
                0x00003e52                SVC_Handler
                0x00003e52                TCC2_Handler
                0x00003e52                EVSYS_Handler
                0x00003e52                SERCOM3_Handler
                0x00003e52                I2S_Handler
                0x00003e52                NVMCTRL_Handler
                0x00003e52                SERCOM0_Handler
                0x00003e52                DAC_Handler
                0x00003e52                PTC_Handler
                0x00003e52                SYSCTRL_Handler
 .text.USB_Handler
                0x00003e54       0x14 C:\Users\10977\AppData\Local\arduino\sketches\550267F6FE740117F894C2CF98CCD822/..\..\cores\3ee09314b6a09af4599a5c0e5f7b4062\core.a(cortex_handlers.c.o)
                0x00003e54                USB_Handler
 .text.Reset_Handler
                0x00003e68       0x54 C:\Users\10977\AppData\Local\arduino\sketches\550267F6FE740117F894C2CF98CCD822/..\..\cores\3ee09314b6a09af4599a5c0e5f7b4062\core.a(cortex_handlers.c.o)
                0x00003e68                Reset_Handler
 .text.SysTick_Handler
                0x00003ebc       0x10 C:\Users\10977\AppData\Local\arduino\sketches\550267F6FE740117F894C2CF98CCD822/..\..\cores\3ee09314b6a09af4599a5c0e5f7b4062\core.a(cortex_handlers.c.o)
                0x00003ebc                SysTick_Handler
 .text.USB_SetHandler
                0x00003ecc        0xc C:\Users\10977\AppData\Local\arduino\sketches\550267F6FE740117F894C2CF98CCD822/..\..\cores\3ee09314b6a09af4599a5c0e5f7b4062\core.a(cortex_handlers.c.o)
                0x00003ecc                USB_SetHandler
 .text.millis   0x00003ed8        0xc C:\Users\10977\AppData\Local\arduino\sketches\550267F6FE740117F894C2CF98CCD822/..\..\cores\3ee09314b6a09af4599a5c0e5f7b4062\core.a(delay.c.o)
                0x00003ed8                millis
 .text.micros   0x00003ee4       0x60 C:\Users\10977\AppData\Local\arduino\sketches\550267F6FE740117F894C2CF98CCD822/..\..\cores\3ee09314b6a09af4599a5c0e5f7b4062\core.a(delay.c.o)
                0x00003ee4                micros
 .text._real_delay
                0x00003f44       0x30 C:\Users\10977\AppData\Local\arduino\sketches\550267F6FE740117F894C2CF98CCD822/..\..\cores\3ee09314b6a09af4599a5c0e5f7b4062\core.a(delay.c.o)
                0x00003f44                _real_delay
                0x00003f44                delay
 .text.SysTick_DefaultHandler
                0x00003f74       0x14 C:\Users\10977\AppData\Local\arduino\sketches\550267F6FE740117F894C2CF98CCD822/..\..\cores\3ee09314b6a09af4599a5c0e5f7b4062\core.a(delay.c.o)
                0x00003f74                SysTick_DefaultHandler
 .text.__empty  0x00003f88        0x2 C:\Users\10977\AppData\Local\arduino\sketches\550267F6FE740117F894C2CF98CCD822/..\..\cores\3ee09314b6a09af4599a5c0e5f7b4062\core.a(hooks.c.o)
                0x00003f88                yield
 .text.__false  0x00003f8a        0x4 C:\Users\10977\AppData\Local\arduino\sketches\550267F6FE740117F894C2CF98CCD822/..\..\cores\3ee09314b6a09af4599a5c0e5f7b4062\core.a(hooks.c.o)
                0x00003f8a                sysTickHook
 .text._Z11initVariantv
                0x00003f8e        0x2 C:\Users\10977\AppData\Local\arduino\sketches\550267F6FE740117F894C2CF98CCD822/..\..\cores\3ee09314b6a09af4599a5c0e5f7b4062\core.a(main.cpp.o)
                0x00003f8e                initVariant()
 .text._Z10_real_bodyv
                0x00003f90       0x20 C:\Users\10977\AppData\Local\arduino\sketches\550267F6FE740117F894C2CF98CCD822/..\..\cores\3ee09314b6a09af4599a5c0e5f7b4062\core.a(main.cpp.o)
                0x00003f90                _real_body()
 .text._Z10_wrap_bodyv
                0x00003fb0        0x6 C:\Users\10977\AppData\Local\arduino\sketches\550267F6FE740117F894C2CF98CCD822/..\..\cores\3ee09314b6a09af4599a5c0e5f7b4062\core.a(main.cpp.o)
                0x00003fb0                _wrap_body()
 *fill*         0x00003fb6        0x2 
 .text.startup.main
                0x00003fb8       0x30 C:\Users\10977\AppData\Local\arduino\sketches\550267F6FE740117F894C2CF98CCD822/..\..\cores\3ee09314b6a09af4599a5c0e5f7b4062\core.a(main.cpp.o)
                0x00003fb8                main
 .text._Znwj    0x00003fe8        0x8 C:\Users\10977\AppData\Local\arduino\sketches\550267F6FE740117F894C2CF98CCD822/..\..\cores\3ee09314b6a09af4599a5c0e5f7b4062\core.a(new.cpp.o)
                0x00003fe8                operator new(unsigned int)
 .text._ZdlPv   0x00003ff0        0x8 C:\Users\10977\AppData\Local\arduino\sketches\550267F6FE740117F894C2CF98CCD822/..\..\cores\3ee09314b6a09af4599a5c0e5f7b4062\core.a(new.cpp.o)
                0x00003ff0                operator delete(void*)
 .text._sbrk    0x00003ff8       0x3c C:\Users\10977\AppData\Local\arduino\sketches\550267F6FE740117F894C2CF98CCD822/..\..\cores\3ee09314b6a09af4599a5c0e5f7b4062\core.a(new.cpp.o)
                0x00003ff8                _sbrk
 .text.SystemInit
                0x00004034      0x160 C:\Users\10977\AppData\Local\arduino\sketches\550267F6FE740117F894C2CF98CCD822/..\..\cores\3ee09314b6a09af4599a5c0e5f7b4062\core.a(startup.c.o)
                0x00004034                SystemInit
 .text.init     0x00004194       0xe0 C:\Users\10977\AppData\Local\arduino\sketches\550267F6FE740117F894C2CF98CCD822/..\..\cores\3ee09314b6a09af4599a5c0e5f7b4062\core.a(wiring.c.o)
                0x00004194                init
 .text.analogReference
                0x00004274       0x88 C:\Users\10977\AppData\Local\arduino\sketches\550267F6FE740117F894C2CF98CCD822/..\..\cores\3ee09314b6a09af4599a5c0e5f7b4062\core.a(wiring_analog.c.o)
                0x00004274                analogReference
 .text.pinMode  0x000042fc       0x60 C:\Users\10977\AppData\Local\arduino\sketches\550267F6FE740117F894C2CF98CCD822/..\..\cores\3ee09314b6a09af4599a5c0e5f7b4062\core.a(wiring_digital.c.o)
                0x000042fc                pinMode
 .text.digitalWrite
                0x0000435c       0x58 C:\Users\10977\AppData\Local\arduino\sketches\550267F6FE740117F894C2CF98CCD822/..\..\cores\3ee09314b6a09af4599a5c0e5f7b4062\core.a(wiring_digital.c.o)
                0x0000435c                digitalWrite
 .text.digitalRead
                0x000043b4       0x30 C:\Users\10977\AppData\Local\arduino\sketches\550267F6FE740117F894C2CF98CCD822/..\..\cores\3ee09314b6a09af4599a5c0e5f7b4062\core.a(wiring_digital.c.o)
                0x000043b4                digitalRead
 .text.pinPeripheral
                0x000043e4       0xc4 C:\Users\10977\AppData\Local\arduino\sketches\550267F6FE740117F894C2CF98CCD822/..\..\cores\3ee09314b6a09af4599a5c0e5f7b4062\core.a(wiring_private.c.o)
                0x000043e4                pinPeripheral
 .text.initiateReset
                0x000044a8        0xc C:\Users\10977\AppData\Local\arduino\sketches\550267F6FE740117F894C2CF98CCD822/..\..\cores\3ee09314b6a09af4599a5c0e5f7b4062\core.a(Reset.cpp.o)
                0x000044a8                initiateReset
 .text.cancelReset
                0x000044b4       0x10 C:\Users\10977\AppData\Local\arduino\sketches\550267F6FE740117F894C2CF98CCD822/..\..\cores\3ee09314b6a09af4599a5c0e5f7b4062\core.a(Reset.cpp.o)
                0x000044b4                cancelReset
 .text.tickReset
                0x000044c4       0x78 C:\Users\10977\AppData\Local\arduino\sketches\550267F6FE740117F894C2CF98CCD822/..\..\cores\3ee09314b6a09af4599a5c0e5f7b4062\core.a(Reset.cpp.o)
                0x000044c4                tickReset
 .text._ZN13PluggableUSB_12getInterfaceEPh
                0x0000453c       0x28 C:\Users\10977\AppData\Local\arduino\sketches\550267F6FE740117F894C2CF98CCD822/..\..\cores\3ee09314b6a09af4599a5c0e5f7b4062\core.a(PluggableUSB.cpp.o)
                0x0000453c                PluggableUSB_::getInterface(unsigned char*)
 .text._ZN13PluggableUSB_13getDescriptorER8USBSetup
                0x00004564       0x20 C:\Users\10977\AppData\Local\arduino\sketches\550267F6FE740117F894C2CF98CCD822/..\..\cores\3ee09314b6a09af4599a5c0e5f7b4062\core.a(PluggableUSB.cpp.o)
                0x00004564                PluggableUSB_::getDescriptor(USBSetup&)
 .text._ZN13PluggableUSB_5setupER8USBSetup
                0x00004584       0x20 C:\Users\10977\AppData\Local\arduino\sketches\550267F6FE740117F894C2CF98CCD822/..\..\cores\3ee09314b6a09af4599a5c0e5f7b4062\core.a(PluggableUSB.cpp.o)
                0x00004584                PluggableUSB_::setup(USBSetup&)
 .text._ZN13PluggableUSB_14handleEndpointEi
                0x000045a4       0x20 C:\Users\10977\AppData\Local\arduino\sketches\550267F6FE740117F894C2CF98CCD822/..\..\cores\3ee09314b6a09af4599a5c0e5f7b4062\core.a(PluggableUSB.cpp.o)
                0x000045a4                PluggableUSB_::handleEndpoint(int)
 .text._Z12PluggableUSBv
                0x000045c4       0x24 C:\Users\10977\AppData\Local\arduino\sketches\550267F6FE740117F894C2CF98CCD822/..\..\cores\3ee09314b6a09af4599a5c0e5f7b4062\core.a(PluggableUSB.cpp.o)
                0x000045c4                PluggableUSB()
 .text._ZN20USBDevice_SAMD21G18x5resetEv
                0x000045e8       0x2e C:\Users\10977\AppData\Local\arduino\sketches\550267F6FE740117F894C2CF98CCD822/..\..\cores\3ee09314b6a09af4599a5c0e5f7b4062\core.a(SAMD21_USBDevice.cpp.o)
                0x000045e8                USBDevice_SAMD21G18x::reset()
 *fill*         0x00004616        0x2 
 .text._ZN20USBDevice_SAMD21G18x9calibrateEv
                0x00004618       0x60 C:\Users\10977\AppData\Local\arduino\sketches\550267F6FE740117F894C2CF98CCD822/..\..\cores\3ee09314b6a09af4599a5c0e5f7b4062\core.a(SAMD21_USBDevice.cpp.o)
                0x00004618                USBDevice_SAMD21G18x::calibrate()
 .text._ZdlPvj  0x00004678        0x8 c:/users/10977/appdata/local/arduino15/packages/seeeduino/tools/arm-none-eabi-gcc/7-2017q4/bin/../lib/gcc/arm-none-eabi/7.2.1/../../../../arm-none-eabi/lib/thumb/v6-m\libstdc++_nano.a(del_ops.o)
                0x00004678                operator delete(void*, unsigned int)
 .text          0x00004680       0x14 c:/users/10977/appdata/local/arduino15/packages/seeeduino/tools/arm-none-eabi-gcc/7-2017q4/bin/../lib/gcc/arm-none-eabi/7.2.1/thumb/v6-m\libgcc.a(_thumb1_case_uqi.o)
                0x00004680                __gnu_thumb1_case_uqi
 .text          0x00004694      0x114 c:/users/10977/appdata/local/arduino15/packages/seeeduino/tools/arm-none-eabi-gcc/7-2017q4/bin/../lib/gcc/arm-none-eabi/7.2.1/thumb/v6-m\libgcc.a(_udivsi3.o)
                0x00004694                __aeabi_uidiv
                0x00004694                __udivsi3
                0x000047a0                __aeabi_uidivmod
 .text          0x000047a8      0x1d4 c:/users/10977/appdata/local/arduino15/packages/seeeduino/tools/arm-none-eabi-gcc/7-2017q4/bin/../lib/gcc/arm-none-eabi/7.2.1/thumb/v6-m\libgcc.a(_divsi3.o)
                0x000047a8                __divsi3
                0x000047a8                __aeabi_idiv
                0x00004974                __aeabi_idivmod
 .text          0x0000497c        0x4 c:/users/10977/appdata/local/arduino15/packages/seeeduino/tools/arm-none-eabi-gcc/7-2017q4/bin/../lib/gcc/arm-none-eabi/7.2.1/thumb/v6-m\libgcc.a(_dvmd_tls.o)
                0x0000497c                __aeabi_idiv0
                0x0000497c                __aeabi_ldiv0
 .text          0x00004980       0x7c c:/users/10977/appdata/local/arduino15/packages/seeeduino/tools/arm-none-eabi-gcc/7-2017q4/bin/../lib/gcc/arm-none-eabi/7.2.1/thumb/v6-m\libgcc.a(_arm_cmpdf2.o)
                0x00004980                __aeabi_cdrcmple
                0x00004990                __aeabi_cdcmple
                0x00004990                __aeabi_cdcmpeq
                0x000049a0                __aeabi_dcmpeq
                0x000049ac                __aeabi_dcmplt
                0x000049c0                __aeabi_dcmple
                0x000049d4                __aeabi_dcmpgt
                0x000049e8                __aeabi_dcmpge
 .text          0x000049fc       0x3c c:/users/10977/appdata/local/arduino15/packages/seeeduino/tools/arm-none-eabi-gcc/7-2017q4/bin/../lib/gcc/arm-none-eabi/7.2.1/thumb/v6-m\libgcc.a(_fixunsdfsi.o)
                0x000049fc                __aeabi_d2uiz
                0x000049fc                __fixunsdfsi
 .text          0x00004a38      0x638 c:/users/10977/appdata/local/arduino15/packages/seeeduino/tools/arm-none-eabi-gcc/7-2017q4/bin/../lib/gcc/arm-none-eabi/7.2.1/thumb/v6-m\libgcc.a(adddf3.o)
                0x00004a38                __aeabi_dadd
 .text          0x00005070      0x604 c:/users/10977/appdata/local/arduino15/packages/seeeduino/tools/arm-none-eabi-gcc/7-2017q4/bin/../lib/gcc/arm-none-eabi/7.2.1/thumb/v6-m\libgcc.a(divdf3.o)
                0x00005070                __aeabi_ddiv
 .text          0x00005674       0x78 c:/users/10977/appdata/local/arduino15/packages/seeeduino/tools/arm-none-eabi-gcc/7-2017q4/bin/../lib/gcc/arm-none-eabi/7.2.1/thumb/v6-m\libgcc.a(eqdf2.o)
                0x00005674                __nedf2
                0x00005674                __eqdf2
 .text          0x000056ec       0xc8 c:/users/10977/appdata/local/arduino15/packages/seeeduino/tools/arm-none-eabi-gcc/7-2017q4/bin/../lib/gcc/arm-none-eabi/7.2.1/thumb/v6-m\libgcc.a(gedf2.o)
                0x000056ec                __gedf2
                0x000056ec                __gtdf2
 .text          0x000057b4       0xd0 c:/users/10977/appdata/local/arduino15/packages/seeeduino/tools/arm-none-eabi-gcc/7-2017q4/bin/../lib/gcc/arm-none-eabi/7.2.1/thumb/v6-m\libgcc.a(ledf2.o)
                0x000057b4                __ledf2
                0x000057b4                __ltdf2
 .text          0x00005884      0x4e4 c:/users/10977/appdata/local/arduino15/packages/seeeduino/tools/arm-none-eabi-gcc/7-2017q4/bin/../lib/gcc/arm-none-eabi/7.2.1/thumb/v6-m\libgcc.a(muldf3.o)
                0x00005884                __aeabi_dmul
 .text          0x00005d68      0x690 c:/users/10977/appdata/local/arduino15/packages/seeeduino/tools/arm-none-eabi-gcc/7-2017q4/bin/../lib/gcc/arm-none-eabi/7.2.1/thumb/v6-m\libgcc.a(subdf3.o)
                0x00005d68                __aeabi_dsub
 .text          0x000063f8       0x38 c:/users/10977/appdata/local/arduino15/packages/seeeduino/tools/arm-none-eabi-gcc/7-2017q4/bin/../lib/gcc/arm-none-eabi/7.2.1/thumb/v6-m\libgcc.a(unorddf2.o)
                0x000063f8                __aeabi_dcmpun
 .text          0x00006430       0x6c c:/users/10977/appdata/local/arduino15/packages/seeeduino/tools/arm-none-eabi-gcc/7-2017q4/bin/../lib/gcc/arm-none-eabi/7.2.1/thumb/v6-m\libgcc.a(fixdfsi.o)
                0x00006430                __aeabi_d2iz
 .text          0x0000649c       0x64 c:/users/10977/appdata/local/arduino15/packages/seeeduino/tools/arm-none-eabi-gcc/7-2017q4/bin/../lib/gcc/arm-none-eabi/7.2.1/thumb/v6-m\libgcc.a(floatunsidf.o)
                0x0000649c                __aeabi_ui2d
 .text          0x00006500      0x108 c:/users/10977/appdata/local/arduino15/packages/seeeduino/tools/arm-none-eabi-gcc/7-2017q4/bin/../lib/gcc/arm-none-eabi/7.2.1/thumb/v6-m\libgcc.a(truncdfsf2.o)
                0x00006500                __aeabi_d2f
 .text          0x00006608       0x3c c:/users/10977/appdata/local/arduino15/packages/seeeduino/tools/arm-none-eabi-gcc/7-2017q4/bin/../lib/gcc/arm-none-eabi/7.2.1/thumb/v6-m\libgcc.a(_clzsi2.o)
                0x00006608                __clzsi2
 .text.__libc_init_array
                0x00006644       0x48 c:/users/10977/appdata/local/arduino15/packages/seeeduino/tools/arm-none-eabi-gcc/7-2017q4/bin/../lib/gcc/arm-none-eabi/7.2.1/../../../../arm-none-eabi/lib/thumb/v6-m\libc_nano.a(lib_a-init.o)
                0x00006644                __libc_init_array
 .text.isspace  0x0000668c       0x12 c:/users/10977/appdata/local/arduino15/packages/seeeduino/tools/arm-none-eabi-gcc/7-2017q4/bin/../lib/gcc/arm-none-eabi/7.2.1/../../../../arm-none-eabi/lib/thumb/v6-m\libc_nano.a(lib_a-isspace.o)
                0x0000668c                isspace
 .text.__locale_ctype_ptr_l
                0x0000669e        0x6 c:/users/10977/appdata/local/arduino15/packages/seeeduino/tools/arm-none-eabi-gcc/7-2017q4/bin/../lib/gcc/arm-none-eabi/7.2.1/../../../../arm-none-eabi/lib/thumb/v6-m\libc_nano.a(lib_a-locale.o)
                0x0000669e                __locale_ctype_ptr_l
 .text.__locale_ctype_ptr
                0x000066a4       0x1c c:/users/10977/appdata/local/arduino15/packages/seeeduino/tools/arm-none-eabi-gcc/7-2017q4/bin/../lib/gcc/arm-none-eabi/7.2.1/../../../../arm-none-eabi/lib/thumb/v6-m\libc_nano.a(lib_a-locale.o)
                0x000066a4                __locale_ctype_ptr
 .text.malloc   0x000066c0       0x14 c:/users/10977/appdata/local/arduino15/packages/seeeduino/tools/arm-none-eabi-gcc/7-2017q4/bin/../lib/gcc/arm-none-eabi/7.2.1/../../../../arm-none-eabi/lib/thumb/v6-m\libc_nano.a(lib_a-malloc.o)
                0x000066c0                malloc
 .text.free     0x000066d4       0x14 c:/users/10977/appdata/local/arduino15/packages/seeeduino/tools/arm-none-eabi-gcc/7-2017q4/bin/../lib/gcc/arm-none-eabi/7.2.1/../../../../arm-none-eabi/lib/thumb/v6-m\libc_nano.a(lib_a-malloc.o)
                0x000066d4                free
 .text.__ascii_mbtowc
                0x000066e8       0x24 c:/users/10977/appdata/local/arduino15/packages/seeeduino/tools/arm-none-eabi-gcc/7-2017q4/bin/../lib/gcc/arm-none-eabi/7.2.1/../../../../arm-none-eabi/lib/thumb/v6-m\libc_nano.a(lib_a-mbtowc_r.o)
                0x000066e8                __ascii_mbtowc
 .text.memcpy   0x0000670c       0x12 c:/users/10977/appdata/local/arduino15/packages/seeeduino/tools/arm-none-eabi-gcc/7-2017q4/bin/../lib/gcc/arm-none-eabi/7.2.1/../../../../arm-none-eabi/lib/thumb/v6-m\libc_nano.a(lib_a-memcpy-stub.o)
                0x0000670c                memcpy
 .text.memmove  0x0000671e       0x26 c:/users/10977/appdata/local/arduino15/packages/seeeduino/tools/arm-none-eabi-gcc/7-2017q4/bin/../lib/gcc/arm-none-eabi/7.2.1/../../../../arm-none-eabi/lib/thumb/v6-m\libc_nano.a(lib_a-memmove.o)
                0x0000671e                memmove
 .text.memset   0x00006744       0x10 c:/users/10977/appdata/local/arduino15/packages/seeeduino/tools/arm-none-eabi-gcc/7-2017q4/bin/../lib/gcc/arm-none-eabi/7.2.1/../../../../arm-none-eabi/lib/thumb/v6-m\libc_nano.a(lib_a-memset.o)
                0x00006744                memset
 .text._free_r  0x00006754       0x94 c:/users/10977/appdata/local/arduino15/packages/seeeduino/tools/arm-none-eabi-gcc/7-2017q4/bin/../lib/gcc/arm-none-eabi/7.2.1/../../../../arm-none-eabi/lib/thumb/v6-m\libc_nano.a(lib_a-nano-freer.o)
                0x00006754                _free_r
 .text._malloc_r
                0x000067e8       0xbc c:/users/10977/appdata/local/arduino15/packages/seeeduino/tools/arm-none-eabi-gcc/7-2017q4/bin/../lib/gcc/arm-none-eabi/7.2.1/../../../../arm-none-eabi/lib/thumb/v6-m\libc_nano.a(lib_a-nano-mallocr.o)
                0x000067e8                _malloc_r
 .text.__cvt    0x000068a4       0xc8 c:/users/10977/appdata/local/arduino15/packages/seeeduino/tools/arm-none-eabi-gcc/7-2017q4/bin/../lib/gcc/arm-none-eabi/7.2.1/../../../../arm-none-eabi/lib/thumb/v6-m\libc_nano.a(lib_a-nano-vfprintf_float.o)
                0x000068a4                __cvt
 .text.__exponent
                0x0000696c       0x70 c:/users/10977/appdata/local/arduino15/packages/seeeduino/tools/arm-none-eabi-gcc/7-2017q4/bin/../lib/gcc/arm-none-eabi/7.2.1/../../../../arm-none-eabi/lib/thumb/v6-m\libc_nano.a(lib_a-nano-vfprintf_float.o)
                0x0000696c                __exponent
 .text._printf_float
                0x000069dc      0x498 c:/users/10977/appdata/local/arduino15/packages/seeeduino/tools/arm-none-eabi-gcc/7-2017q4/bin/../lib/gcc/arm-none-eabi/7.2.1/../../../../arm-none-eabi/lib/thumb/v6-m\libc_nano.a(lib_a-nano-vfprintf_float.o)
                0x000069dc                _printf_float
 .text._printf_common
                0x00006e74       0xda c:/users/10977/appdata/local/arduino15/packages/seeeduino/tools/arm-none-eabi-gcc/7-2017q4/bin/../lib/gcc/arm-none-eabi/7.2.1/../../../../arm-none-eabi/lib/thumb/v6-m\libc_nano.a(lib_a-nano-vfprintf_i.o)
                0x00006e74                _printf_common
 *fill*         0x00006f4e        0x2 
 .text._printf_i
                0x00006f50      0x210 c:/users/10977/appdata/local/arduino15/packages/seeeduino/tools/arm-none-eabi-gcc/7-2017q4/bin/../lib/gcc/arm-none-eabi/7.2.1/../../../../arm-none-eabi/lib/thumb/v6-m\libc_nano.a(lib_a-nano-vfprintf_i.o)
                0x00006f50                _printf_i
 .text._scanf_float
                0x00007160      0x3fc c:/users/10977/appdata/local/arduino15/packages/seeeduino/tools/arm-none-eabi-gcc/7-2017q4/bin/../lib/gcc/arm-none-eabi/7.2.1/../../../../arm-none-eabi/lib/thumb/v6-m\libc_nano.a(lib_a-nano-vfscanf_float.o)
                0x00007160                _scanf_float
 .text.realloc  0x0000755c       0x14 c:/users/10977/appdata/local/arduino15/packages/seeeduino/tools/arm-none-eabi-gcc/7-2017q4/bin/../lib/gcc/arm-none-eabi/7.2.1/../../../../arm-none-eabi/lib/thumb/v6-m\libc_nano.a(lib_a-realloc.o)
                0x0000755c                realloc
 .text._sbrk_r  0x00007570       0x24 c:/users/10977/appdata/local/arduino15/packages/seeeduino/tools/arm-none-eabi-gcc/7-2017q4/bin/../lib/gcc/arm-none-eabi/7.2.1/../../../../arm-none-eabi/lib/thumb/v6-m\libc_nano.a(lib_a-sbrkr.o)
                0x00007570                _sbrk_r
 .text.nanf     0x00007594        0x8 c:/users/10977/appdata/local/arduino15/packages/seeeduino/tools/arm-none-eabi-gcc/7-2017q4/bin/../lib/gcc/arm-none-eabi/7.2.1/../../../../arm-none-eabi/lib/thumb/v6-m\libc_nano.a(lib_a-sf_nan.o)
                0x00007594                nanf
 .text.sprintf  0x0000759c       0x40 c:/users/10977/appdata/local/arduino15/packages/seeeduino/tools/arm-none-eabi-gcc/7-2017q4/bin/../lib/gcc/arm-none-eabi/7.2.1/../../../../arm-none-eabi/lib/thumb/v6-m\libc_nano.a(lib_a-sprintf.o)
                0x0000759c                siprintf
                0x0000759c                sprintf
 .text.strcpy   0x000075dc       0x10 c:/users/10977/appdata/local/arduino15/packages/seeeduino/tools/arm-none-eabi-gcc/7-2017q4/bin/../lib/gcc/arm-none-eabi/7.2.1/../../../../arm-none-eabi/lib/thumb/v6-m\libc_nano.a(lib_a-strcpy.o)
                0x000075dc                strcpy
 .text          0x000075ec        0xe c:/users/10977/appdata/local/arduino15/packages/seeeduino/tools/arm-none-eabi-gcc/7-2017q4/bin/../lib/gcc/arm-none-eabi/7.2.1/../../../../arm-none-eabi/lib/thumb/v6-m\libc_nano.a(lib_a-strlen.o)
                0x000075ec                strlen
 .text.strncmp  0x000075fa       0x22 c:/users/10977/appdata/local/arduino15/packages/seeeduino/tools/arm-none-eabi-gcc/7-2017q4/bin/../lib/gcc/arm-none-eabi/7.2.1/../../../../arm-none-eabi/lib/thumb/v6-m\libc_nano.a(lib_a-strncmp.o)
                0x000075fa                strncmp
 .text.unlikely.sulp
                0x0000761c       0x30 c:/users/10977/appdata/local/arduino15/packages/seeeduino/tools/arm-none-eabi-gcc/7-2017q4/bin/../lib/gcc/arm-none-eabi/7.2.1/../../../../arm-none-eabi/lib/thumb/v6-m\libc_nano.a(lib_a-strtod.o)
 .text._strtod_l
                0x0000764c      0xc50 c:/users/10977/appdata/local/arduino15/packages/seeeduino/tools/arm-none-eabi-gcc/7-2017q4/bin/../lib/gcc/arm-none-eabi/7.2.1/../../../../arm-none-eabi/lib/thumb/v6-m\libc_nano.a(lib_a-strtod.o)
                0x0000764c                _strtod_l
 .text._strtod_r
                0x0000829c       0x1c c:/users/10977/appdata/local/arduino15/packages/seeeduino/tools/arm-none-eabi-gcc/7-2017q4/bin/../lib/gcc/arm-none-eabi/7.2.1/../../../../arm-none-eabi/lib/thumb/v6-m\libc_nano.a(lib_a-strtod.o)
                0x0000829c                _strtod_r
 .text._strtol_l.isra.0
                0x000082b8      0x104 c:/users/10977/appdata/local/arduino15/packages/seeeduino/tools/arm-none-eabi-gcc/7-2017q4/bin/../lib/gcc/arm-none-eabi/7.2.1/../../../../arm-none-eabi/lib/thumb/v6-m\libc_nano.a(lib_a-strtol.o)
 .text._strtol_r
                0x000083bc       0x20 c:/users/10977/appdata/local/arduino15/packages/seeeduino/tools/arm-none-eabi-gcc/7-2017q4/bin/../lib/gcc/arm-none-eabi/7.2.1/../../../../arm-none-eabi/lib/thumb/v6-m\libc_nano.a(lib_a-strtol.o)
                0x000083bc                _strtol_r
 .text.tolower  0x000083dc       0x1a c:/users/10977/appdata/local/arduino15/packages/seeeduino/tools/arm-none-eabi-gcc/7-2017q4/bin/../lib/gcc/arm-none-eabi/7.2.1/../../../../arm-none-eabi/lib/thumb/v6-m\libc_nano.a(lib_a-tolower.o)
                0x000083dc                tolower
 .text.__ascii_wctomb
                0x000083f6       0x18 c:/users/10977/appdata/local/arduino15/packages/seeeduino/tools/arm-none-eabi-gcc/7-2017q4/bin/../lib/gcc/arm-none-eabi/7.2.1/../../../../arm-none-eabi/lib/thumb/v6-m\libc_nano.a(lib_a-wctomb_r.o)
                0x000083f6                __ascii_wctomb
 .text.quorem   0x0000840e      0x10c c:/users/10977/appdata/local/arduino15/packages/seeeduino/tools/arm-none-eabi-gcc/7-2017q4/bin/../lib/gcc/arm-none-eabi/7.2.1/../../../../arm-none-eabi/lib/thumb/v6-m\libc_nano.a(lib_a-dtoa.o)
 *fill*         0x0000851a        0x2 
 .text._dtoa_r  0x0000851c      0xbc0 c:/users/10977/appdata/local/arduino15/packages/seeeduino/tools/arm-none-eabi-gcc/7-2017q4/bin/../lib/gcc/arm-none-eabi/7.2.1/../../../../arm-none-eabi/lib/thumb/v6-m\libc_nano.a(lib_a-dtoa.o)
                0x0000851c                _dtoa_r
 .text.rshift   0x000090dc       0x68 c:/users/10977/appdata/local/arduino15/packages/seeeduino/tools/arm-none-eabi-gcc/7-2017q4/bin/../lib/gcc/arm-none-eabi/7.2.1/../../../../arm-none-eabi/lib/thumb/v6-m\libc_nano.a(lib_a-gdtoa-gethex.o)
 .text.__hexdig_fun
                0x00009144       0x2a c:/users/10977/appdata/local/arduino15/packages/seeeduino/tools/arm-none-eabi-gcc/7-2017q4/bin/../lib/gcc/arm-none-eabi/7.2.1/../../../../arm-none-eabi/lib/thumb/v6-m\libc_nano.a(lib_a-gdtoa-gethex.o)
                0x00009144                __hexdig_fun
 .text.__gethex
                0x0000916e      0x456 c:/users/10977/appdata/local/arduino15/packages/seeeduino/tools/arm-none-eabi-gcc/7-2017q4/bin/../lib/gcc/arm-none-eabi/7.2.1/../../../../arm-none-eabi/lib/thumb/v6-m\libc_nano.a(lib_a-gdtoa-gethex.o)
                0x0000916e                __gethex
 .text.L_shift  0x000095c4       0x24 c:/users/10977/appdata/local/arduino15/packages/seeeduino/tools/arm-none-eabi-gcc/7-2017q4/bin/../lib/gcc/arm-none-eabi/7.2.1/../../../../arm-none-eabi/lib/thumb/v6-m\libc_nano.a(lib_a-gdtoa-hexnan.o)
 .text.__match  0x000095e8       0x28 c:/users/10977/appdata/local/arduino15/packages/seeeduino/tools/arm-none-eabi-gcc/7-2017q4/bin/../lib/gcc/arm-none-eabi/7.2.1/../../../../arm-none-eabi/lib/thumb/v6-m\libc_nano.a(lib_a-gdtoa-hexnan.o)
                0x000095e8                __match
 .text.__hexnan
                0x00009610      0x12e c:/users/10977/appdata/local/arduino15/packages/seeeduino/tools/arm-none-eabi-gcc/7-2017q4/bin/../lib/gcc/arm-none-eabi/7.2.1/../../../../arm-none-eabi/lib/thumb/v6-m\libc_nano.a(lib_a-gdtoa-hexnan.o)
                0x00009610                __hexnan
 .text.__localeconv_l
                0x0000973e        0x4 c:/users/10977/appdata/local/arduino15/packages/seeeduino/tools/arm-none-eabi-gcc/7-2017q4/bin/../lib/gcc/arm-none-eabi/7.2.1/../../../../arm-none-eabi/lib/thumb/v6-m\libc_nano.a(lib_a-localeconv.o)
                0x0000973e                __localeconv_l
 *fill*         0x00009742        0x2 
 .text._localeconv_r
                0x00009744       0x18 c:/users/10977/appdata/local/arduino15/packages/seeeduino/tools/arm-none-eabi-gcc/7-2017q4/bin/../lib/gcc/arm-none-eabi/7.2.1/../../../../arm-none-eabi/lib/thumb/v6-m\libc_nano.a(lib_a-localeconv.o)
                0x00009744                _localeconv_r
 .text.memchr   0x0000975c       0x16 c:/users/10977/appdata/local/arduino15/packages/seeeduino/tools/arm-none-eabi-gcc/7-2017q4/bin/../lib/gcc/arm-none-eabi/7.2.1/../../../../arm-none-eabi/lib/thumb/v6-m\libc_nano.a(lib_a-memchr-stub.o)
                0x0000975c                memchr
 .text.__malloc_lock
                0x00009772        0x2 c:/users/10977/appdata/local/arduino15/packages/seeeduino/tools/arm-none-eabi-gcc/7-2017q4/bin/../lib/gcc/arm-none-eabi/7.2.1/../../../../arm-none-eabi/lib/thumb/v6-m\libc_nano.a(lib_a-mlock.o)
                0x00009772                __malloc_lock
 .text.__malloc_unlock
                0x00009774        0x2 c:/users/10977/appdata/local/arduino15/packages/seeeduino/tools/arm-none-eabi-gcc/7-2017q4/bin/../lib/gcc/arm-none-eabi/7.2.1/../../../../arm-none-eabi/lib/thumb/v6-m\libc_nano.a(lib_a-mlock.o)
                0x00009774                __malloc_unlock
 .text._Balloc  0x00009776       0x70 c:/users/10977/appdata/local/arduino15/packages/seeeduino/tools/arm-none-eabi-gcc/7-2017q4/bin/../lib/gcc/arm-none-eabi/7.2.1/../../../../arm-none-eabi/lib/thumb/v6-m\libc_nano.a(lib_a-mprec.o)
                0x00009776                _Balloc
 .text._Bfree   0x000097e6       0x32 c:/users/10977/appdata/local/arduino15/packages/seeeduino/tools/arm-none-eabi-gcc/7-2017q4/bin/../lib/gcc/arm-none-eabi/7.2.1/../../../../arm-none-eabi/lib/thumb/v6-m\libc_nano.a(lib_a-mprec.o)
                0x000097e6                _Bfree
 .text.__multadd
                0x00009818       0x7c c:/users/10977/appdata/local/arduino15/packages/seeeduino/tools/arm-none-eabi-gcc/7-2017q4/bin/../lib/gcc/arm-none-eabi/7.2.1/../../../../arm-none-eabi/lib/thumb/v6-m\libc_nano.a(lib_a-mprec.o)
                0x00009818                __multadd
 .text.__s2b    0x00009894       0x7c c:/users/10977/appdata/local/arduino15/packages/seeeduino/tools/arm-none-eabi-gcc/7-2017q4/bin/../lib/gcc/arm-none-eabi/7.2.1/../../../../arm-none-eabi/lib/thumb/v6-m\libc_nano.a(lib_a-mprec.o)
                0x00009894                __s2b
 .text.__hi0bits
                0x00009910       0x34 c:/users/10977/appdata/local/arduino15/packages/seeeduino/tools/arm-none-eabi-gcc/7-2017q4/bin/../lib/gcc/arm-none-eabi/7.2.1/../../../../arm-none-eabi/lib/thumb/v6-m\libc_nano.a(lib_a-mprec.o)
                0x00009910                __hi0bits
 .text.__lo0bits
                0x00009944       0x5e c:/users/10977/appdata/local/arduino15/packages/seeeduino/tools/arm-none-eabi-gcc/7-2017q4/bin/../lib/gcc/arm-none-eabi/7.2.1/../../../../arm-none-eabi/lib/thumb/v6-m\libc_nano.a(lib_a-mprec.o)
                0x00009944                __lo0bits
 .text.__i2b    0x000099a2       0x12 c:/users/10977/appdata/local/arduino15/packages/seeeduino/tools/arm-none-eabi-gcc/7-2017q4/bin/../lib/gcc/arm-none-eabi/7.2.1/../../../../arm-none-eabi/lib/thumb/v6-m\libc_nano.a(lib_a-mprec.o)
                0x000099a2                __i2b
 .text.__multiply
                0x000099b4      0x11e c:/users/10977/appdata/local/arduino15/packages/seeeduino/tools/arm-none-eabi-gcc/7-2017q4/bin/../lib/gcc/arm-none-eabi/7.2.1/../../../../arm-none-eabi/lib/thumb/v6-m\libc_nano.a(lib_a-mprec.o)
                0x000099b4                __multiply
 *fill*         0x00009ad2        0x2 
 .text.__pow5mult
                0x00009ad4       0xa4 c:/users/10977/appdata/local/arduino15/packages/seeeduino/tools/arm-none-eabi-gcc/7-2017q4/bin/../lib/gcc/arm-none-eabi/7.2.1/../../../../arm-none-eabi/lib/thumb/v6-m\libc_nano.a(lib_a-mprec.o)
                0x00009ad4                __pow5mult
 .text.__lshift
                0x00009b78       0xa4 c:/users/10977/appdata/local/arduino15/packages/seeeduino/tools/arm-none-eabi-gcc/7-2017q4/bin/../lib/gcc/arm-none-eabi/7.2.1/../../../../arm-none-eabi/lib/thumb/v6-m\libc_nano.a(lib_a-mprec.o)
                0x00009b78                __lshift
 .text.__mcmp   0x00009c1c       0x34 c:/users/10977/appdata/local/arduino15/packages/seeeduino/tools/arm-none-eabi-gcc/7-2017q4/bin/../lib/gcc/arm-none-eabi/7.2.1/../../../../arm-none-eabi/lib/thumb/v6-m\libc_nano.a(lib_a-mprec.o)
                0x00009c1c                __mcmp
 .text.__mdiff  0x00009c50       0xc8 c:/users/10977/appdata/local/arduino15/packages/seeeduino/tools/arm-none-eabi-gcc/7-2017q4/bin/../lib/gcc/arm-none-eabi/7.2.1/../../../../arm-none-eabi/lib/thumb/v6-m\libc_nano.a(lib_a-mprec.o)
                0x00009c50                __mdiff
 .text.__ulp    0x00009d18       0x4c c:/users/10977/appdata/local/arduino15/packages/seeeduino/tools/arm-none-eabi-gcc/7-2017q4/bin/../lib/gcc/arm-none-eabi/7.2.1/../../../../arm-none-eabi/lib/thumb/v6-m\libc_nano.a(lib_a-mprec.o)
                0x00009d18                __ulp
 .text.__b2d    0x00009d64       0x98 c:/users/10977/appdata/local/arduino15/packages/seeeduino/tools/arm-none-eabi-gcc/7-2017q4/bin/../lib/gcc/arm-none-eabi/7.2.1/../../../../arm-none-eabi/lib/thumb/v6-m\libc_nano.a(lib_a-mprec.o)
                0x00009d64                __b2d
 .text.__d2b    0x00009dfc       0xa8 c:/users/10977/appdata/local/arduino15/packages/seeeduino/tools/arm-none-eabi-gcc/7-2017q4/bin/../lib/gcc/arm-none-eabi/7.2.1/../../../../arm-none-eabi/lib/thumb/v6-m\libc_nano.a(lib_a-mprec.o)
                0x00009dfc                __d2b
 .text.__ratio  0x00009ea4       0x4e c:/users/10977/appdata/local/arduino15/packages/seeeduino/tools/arm-none-eabi-gcc/7-2017q4/bin/../lib/gcc/arm-none-eabi/7.2.1/../../../../arm-none-eabi/lib/thumb/v6-m\libc_nano.a(lib_a-mprec.o)
                0x00009ea4                __ratio
 .text.__copybits
                0x00009ef2       0x2c c:/users/10977/appdata/local/arduino15/packages/seeeduino/tools/arm-none-eabi-gcc/7-2017q4/bin/../lib/gcc/arm-none-eabi/7.2.1/../../../../arm-none-eabi/lib/thumb/v6-m\libc_nano.a(lib_a-mprec.o)
                0x00009ef2                __copybits
 .text.__any_on
                0x00009f1e       0x44 c:/users/10977/appdata/local/arduino15/packages/seeeduino/tools/arm-none-eabi-gcc/7-2017q4/bin/../lib/gcc/arm-none-eabi/7.2.1/../../../../arm-none-eabi/lib/thumb/v6-m\libc_nano.a(lib_a-mprec.o)
                0x00009f1e                __any_on
 .text._calloc_r
                0x00009f62       0x1c c:/users/10977/appdata/local/arduino15/packages/seeeduino/tools/arm-none-eabi-gcc/7-2017q4/bin/../lib/gcc/arm-none-eabi/7.2.1/../../../../arm-none-eabi/lib/thumb/v6-m\libc_nano.a(lib_a-nano-callocr.o)
                0x00009f62                _calloc_r
 .text._realloc_r
                0x00009f7e       0x4c c:/users/10977/appdata/local/arduino15/packages/seeeduino/tools/arm-none-eabi-gcc/7-2017q4/bin/../lib/gcc/arm-none-eabi/7.2.1/../../../../arm-none-eabi/lib/thumb/v6-m\libc_nano.a(lib_a-nano-reallocr.o)
                0x00009f7e                _realloc_r
 *fill*         0x00009fca        0x2 
 .text.__ssputs_r
                0x00009fcc       0xc4 c:/users/10977/appdata/local/arduino15/packages/seeeduino/tools/arm-none-eabi-gcc/7-2017q4/bin/../lib/gcc/arm-none-eabi/7.2.1/../../../../arm-none-eabi/lib/thumb/v6-m\libc_nano.a(lib_a-nano-svfprintf.o)
                0x00009fcc                __ssputs_r
 .text._svfprintf_r
                0x0000a090      0x1fc c:/users/10977/appdata/local/arduino15/packages/seeeduino/tools/arm-none-eabi-gcc/7-2017q4/bin/../lib/gcc/arm-none-eabi/7.2.1/../../../../arm-none-eabi/lib/thumb/v6-m\libc_nano.a(lib_a-nano-svfprintf.o)
                0x0000a090                _svfiprintf_r
                0x0000a090                _svfprintf_r
 .text._malloc_usable_size_r
                0x0000a28c       0x10 c:/users/10977/appdata/local/arduino15/packages/seeeduino/tools/arm-none-eabi-gcc/7-2017q4/bin/../lib/gcc/arm-none-eabi/7.2.1/../../../../arm-none-eabi/lib/thumb/v6-m\libc_nano.a(lib_a-nano-msizer.o)
                0x0000a28c                _malloc_usable_size_r
 .text          0x0000a29c       0x74 c:/users/10977/appdata/local/arduino15/packages/seeeduino/tools/arm-none-eabi-gcc/7-2017q4/bin/../lib/gcc/arm-none-eabi/7.2.1/thumb/v6-m\libgcc.a(floatsidf.o)
                0x0000a29c                __aeabi_i2d
 *(.init)
 .init          0x0000a310        0x4 c:/users/10977/appdata/local/arduino15/packages/seeeduino/tools/arm-none-eabi-gcc/7-2017q4/bin/../lib/gcc/arm-none-eabi/7.2.1/thumb/v6-m/crti.o
                0x0000a310                _init
 .init          0x0000a314        0x8 c:/users/10977/appdata/local/arduino15/packages/seeeduino/tools/arm-none-eabi-gcc/7-2017q4/bin/../lib/gcc/arm-none-eabi/7.2.1/thumb/v6-m/crtn.o
 *(.fini)
 .fini          0x0000a31c        0x4 c:/users/10977/appdata/local/arduino15/packages/seeeduino/tools/arm-none-eabi-gcc/7-2017q4/bin/../lib/gcc/arm-none-eabi/7.2.1/thumb/v6-m/crti.o
                0x0000a31c                _fini
 .fini          0x0000a320        0x8 c:/users/10977/appdata/local/arduino15/packages/seeeduino/tools/arm-none-eabi-gcc/7-2017q4/bin/../lib/gcc/arm-none-eabi/7.2.1/thumb/v6-m/crtn.o
 *crtbegin.o(.ctors)
 *crtbegin?.o(.ctors)
 *(EXCLUDE_FILE(*crtend.o *crtend?.o) .ctors)
 *(SORT_BY_NAME(.ctors.*))
 *(.ctors)
 *crtbegin.o(.dtors)
 *crtbegin?.o(.dtors)
 *(EXCLUDE_FILE(*crtend.o *crtend?.o) .dtors)
 *(SORT_BY_NAME(.dtors.*))
 *(.dtors)
 *(.rodata*)
 .rodata._ZL10INPUT_PINS
                0x0000a328        0x5 C:\Users\10977\AppData\Local\arduino\sketches\550267F6FE740117F894C2CF98CCD822\sketch\XIAO_SAMD21_Test_firmware.ino.cpp.o
 .rodata._ZL11OUTPUT_PINS
                0x0000a32d        0x4 C:\Users\10977\AppData\Local\arduino\sketches\550267F6FE740117F894C2CF98CCD822\sketch\XIAO_SAMD21_Test_firmware.ino.cpp.o
 .rodata.loop.str1.1
                0x0000a331       0x35 C:\Users\10977\AppData\Local\arduino\sketches\550267F6FE740117F894C2CF98CCD822\sketch\XIAO_SAMD21_Test_firmware.ino.cpp.o
 .rodata.setup.str1.1
                0x0000a366       0x16 C:\Users\10977\AppData\Local\arduino\sketches\550267F6FE740117F894C2CF98CCD822\sketch\XIAO_SAMD21_Test_firmware.ino.cpp.o
 .rodata.g_APinDescription
                0x0000a37c      0x198 C:\Users\10977\AppData\Local\arduino\sketches\550267F6FE740117F894C2CF98CCD822\core\variant.cpp.o
                0x0000a37c                g_APinDescription
 .rodata._ZN5Print7printlnEv.str1.1
                0x0000a514        0x3 C:\Users\10977\AppData\Local\arduino\sketches\550267F6FE740117F894C2CF98CCD822/..\..\cores\3ee09314b6a09af4599a5c0e5f7b4062\core.a(Print.cpp.o)
 *fill*         0x0000a517        0x1 
 .rodata._ZL10sercomData
                0x0000a518       0x30 C:\Users\10977\AppData\Local\arduino\sketches\550267F6FE740117F894C2CF98CCD822/..\..\cores\3ee09314b6a09af4599a5c0e5f7b4062\core.a(SERCOM.cpp.o)
 .rodata._ZN6Stream10readStringEv.str1.1
                0x0000a548        0x3 C:\Users\10977\AppData\Local\arduino\sketches\550267F6FE740117F894C2CF98CCD822/..\..\cores\3ee09314b6a09af4599a5c0e5f7b4062\core.a(Stream.cpp.o)
                                  0x1 (size before relaxing)
 .rodata._ZTV7Serial_
                0x0000a548       0x28 C:\Users\10977\AppData\Local\arduino\sketches\550267F6FE740117F894C2CF98CCD822/..\..\cores\3ee09314b6a09af4599a5c0e5f7b4062\core.a(CDC.cpp.o)
                0x0000a548                vtable for Serial_
 .rodata._ZTV26DoubleBufferedEPOutHandler
                0x0000a570       0x28 C:\Users\10977\AppData\Local\arduino\sketches\550267F6FE740117F894C2CF98CCD822/..\..\cores\3ee09314b6a09af4599a5c0e5f7b4062\core.a(USBCore.cpp.o)
                0x0000a570                vtable for DoubleBufferedEPOutHandler
 .rodata._ZL14STRING_PRODUCT
                0x0000a598        0xe C:\Users\10977\AppData\Local\arduino\sketches\550267F6FE740117F894C2CF98CCD822/..\..\cores\3ee09314b6a09af4599a5c0e5f7b4062\core.a(USBCore.cpp.o)
 .rodata._ZL15STRING_LANGUAGE
                0x0000a5a6        0x4 C:\Users\10977\AppData\Local\arduino\sketches\550267F6FE740117F894C2CF98CCD822/..\..\cores\3ee09314b6a09af4599a5c0e5f7b4062\core.a(USBCore.cpp.o)
 .rodata._ZL19STRING_MANUFACTURER
                0x0000a5aa        0x6 C:\Users\10977\AppData\Local\arduino\sketches\550267F6FE740117F894C2CF98CCD822/..\..\cores\3ee09314b6a09af4599a5c0e5f7b4062\core.a(USBCore.cpp.o)
 .rodata._ZL20USB_DeviceDescriptor
                0x0000a5b0       0x12 C:\Users\10977\AppData\Local\arduino\sketches\550267F6FE740117F894C2CF98CCD822/..\..\cores\3ee09314b6a09af4599a5c0e5f7b4062\core.a(USBCore.cpp.o)
 .rodata._ZL21USB_DeviceDescriptorB
                0x0000a5c2       0x12 C:\Users\10977\AppData\Local\arduino\sketches\550267F6FE740117F894C2CF98CCD822/..\..\cores\3ee09314b6a09af4599a5c0e5f7b4062\core.a(USBCore.cpp.o)
 .rodata._ZTV4Uart
                0x0000a5d4       0x34 C:\Users\10977\AppData\Local\arduino\sketches\550267F6FE740117F894C2CF98CCD822/..\..\cores\3ee09314b6a09af4599a5c0e5f7b4062\core.a(Uart.cpp.o)
                0x0000a5d4                vtable for Uart
 .rodata        0x0000a608       0x40 c:/users/10977/appdata/local/arduino15/packages/seeeduino/tools/arm-none-eabi-gcc/7-2017q4/bin/../lib/gcc/arm-none-eabi/7.2.1/thumb/v6-m\libgcc.a(divdf3.o)
 .rodata        0x0000a648       0x40 c:/users/10977/appdata/local/arduino15/packages/seeeduino/tools/arm-none-eabi-gcc/7-2017q4/bin/../lib/gcc/arm-none-eabi/7.2.1/thumb/v6-m\libgcc.a(muldf3.o)
 .rodata._setlocale_r.str1.1
                0x0000a688        0x8 c:/users/10977/appdata/local/arduino15/packages/seeeduino/tools/arm-none-eabi-gcc/7-2017q4/bin/../lib/gcc/arm-none-eabi/7.2.1/../../../../arm-none-eabi/lib/thumb/v6-m\libc_nano.a(lib_a-locale.o)
                                  0x9 (size before relaxing)
 .rodata.str1.1
                0x0000a690        0x8 c:/users/10977/appdata/local/arduino15/packages/seeeduino/tools/arm-none-eabi-gcc/7-2017q4/bin/../lib/gcc/arm-none-eabi/7.2.1/../../../../arm-none-eabi/lib/thumb/v6-m\libc_nano.a(lib_a-locale.o)
                                  0x2 (size before relaxing)
 .rodata._printf_float.str1.1
                0x0000a690       0x12 c:/users/10977/appdata/local/arduino15/packages/seeeduino/tools/arm-none-eabi-gcc/7-2017q4/bin/../lib/gcc/arm-none-eabi/7.2.1/../../../../arm-none-eabi/lib/thumb/v6-m\libc_nano.a(lib_a-nano-vfprintf_float.o)
 .rodata._printf_i.str1.1
                0x0000a6a2       0x22 c:/users/10977/appdata/local/arduino15/packages/seeeduino/tools/arm-none-eabi-gcc/7-2017q4/bin/../lib/gcc/arm-none-eabi/7.2.1/../../../../arm-none-eabi/lib/thumb/v6-m\libc_nano.a(lib_a-nano-vfprintf_i.o)
 .rodata._scanf_float.str1.1
                0x0000a6c4        0x5 c:/users/10977/appdata/local/arduino15/packages/seeeduino/tools/arm-none-eabi-gcc/7-2017q4/bin/../lib/gcc/arm-none-eabi/7.2.1/../../../../arm-none-eabi/lib/thumb/v6-m\libc_nano.a(lib_a-nano-vfscanf_float.o)
 .rodata._strtod_l.str1.1
                0x0000a6c9        0x5 c:/users/10977/appdata/local/arduino15/packages/seeeduino/tools/arm-none-eabi-gcc/7-2017q4/bin/../lib/gcc/arm-none-eabi/7.2.1/../../../../arm-none-eabi/lib/thumb/v6-m\libc_nano.a(lib_a-strtod.o)
                                  0xc (size before relaxing)
 *fill*         0x0000a6c9        0x3 
 .rodata.fpi.6156
                0x0000a6cc       0x14 c:/users/10977/appdata/local/arduino15/packages/seeeduino/tools/arm-none-eabi-gcc/7-2017q4/bin/../lib/gcc/arm-none-eabi/7.2.1/../../../../arm-none-eabi/lib/thumb/v6-m\libc_nano.a(lib_a-strtod.o)
 .rodata.fpinan.6192
                0x0000a6e0       0x14 c:/users/10977/appdata/local/arduino15/packages/seeeduino/tools/arm-none-eabi-gcc/7-2017q4/bin/../lib/gcc/arm-none-eabi/7.2.1/../../../../arm-none-eabi/lib/thumb/v6-m\libc_nano.a(lib_a-strtod.o)
 *fill*         0x0000a6f4        0x4 
 .rodata.tinytens
                0x0000a6f8       0x28 c:/users/10977/appdata/local/arduino15/packages/seeeduino/tools/arm-none-eabi-gcc/7-2017q4/bin/../lib/gcc/arm-none-eabi/7.2.1/../../../../arm-none-eabi/lib/thumb/v6-m\libc_nano.a(lib_a-strtod.o)
 .rodata._ctype_
                0x0000a720      0x101 c:/users/10977/appdata/local/arduino15/packages/seeeduino/tools/arm-none-eabi-gcc/7-2017q4/bin/../lib/gcc/arm-none-eabi/7.2.1/../../../../arm-none-eabi/lib/thumb/v6-m\libc_nano.a(lib_a-ctype_.o)
                0x0000a720                _ctype_
 .rodata._dtoa_r.str1.1
                0x0000a821        0xd c:/users/10977/appdata/local/arduino15/packages/seeeduino/tools/arm-none-eabi-gcc/7-2017q4/bin/../lib/gcc/arm-none-eabi/7.2.1/../../../../arm-none-eabi/lib/thumb/v6-m\libc_nano.a(lib_a-dtoa.o)
                                  0xf (size before relaxing)
 *fill*         0x0000a82e        0x2 
 .rodata.__sf_fake_stderr
                0x0000a830       0x20 c:/users/10977/appdata/local/arduino15/packages/seeeduino/tools/arm-none-eabi-gcc/7-2017q4/bin/../lib/gcc/arm-none-eabi/7.2.1/../../../../arm-none-eabi/lib/thumb/v6-m\libc_nano.a(lib_a-findfp.o)
                0x0000a830                __sf_fake_stderr
 .rodata.__sf_fake_stdin
                0x0000a850       0x20 c:/users/10977/appdata/local/arduino15/packages/seeeduino/tools/arm-none-eabi-gcc/7-2017q4/bin/../lib/gcc/arm-none-eabi/7.2.1/../../../../arm-none-eabi/lib/thumb/v6-m\libc_nano.a(lib_a-findfp.o)
                0x0000a850                __sf_fake_stdin
 .rodata.__sf_fake_stdout
                0x0000a870       0x20 c:/users/10977/appdata/local/arduino15/packages/seeeduino/tools/arm-none-eabi-gcc/7-2017q4/bin/../lib/gcc/arm-none-eabi/7.2.1/../../../../arm-none-eabi/lib/thumb/v6-m\libc_nano.a(lib_a-findfp.o)
                0x0000a870                __sf_fake_stdout
 .rodata.__mprec_bigtens
                0x0000a890       0x28 c:/users/10977/appdata/local/arduino15/packages/seeeduino/tools/arm-none-eabi-gcc/7-2017q4/bin/../lib/gcc/arm-none-eabi/7.2.1/../../../../arm-none-eabi/lib/thumb/v6-m\libc_nano.a(lib_a-mprec.o)
                0x0000a890                __mprec_bigtens
 .rodata.__mprec_tens
                0x0000a8b8       0xc8 c:/users/10977/appdata/local/arduino15/packages/seeeduino/tools/arm-none-eabi-gcc/7-2017q4/bin/../lib/gcc/arm-none-eabi/7.2.1/../../../../arm-none-eabi/lib/thumb/v6-m\libc_nano.a(lib_a-mprec.o)
                0x0000a8b8                __mprec_tens
 .rodata.p05.6084
                0x0000a980        0xc c:/users/10977/appdata/local/arduino15/packages/seeeduino/tools/arm-none-eabi-gcc/7-2017q4/bin/../lib/gcc/arm-none-eabi/7.2.1/../../../../arm-none-eabi/lib/thumb/v6-m\libc_nano.a(lib_a-mprec.o)
 .rodata._svfprintf_r.str1.1
                0x0000a98c       0x11 c:/users/10977/appdata/local/arduino15/packages/seeeduino/tools/arm-none-eabi-gcc/7-2017q4/bin/../lib/gcc/arm-none-eabi/7.2.1/../../../../arm-none-eabi/lib/thumb/v6-m\libc_nano.a(lib_a-nano-svfprintf.o)
 *(.eh_frame*)
 *fill*         0x0000a99d        0x3 
 .eh_frame      0x0000a9a0        0x0 c:/users/10977/appdata/local/arduino15/packages/seeeduino/tools/arm-none-eabi-gcc/7-2017q4/bin/../lib/gcc/arm-none-eabi/7.2.1/thumb/v6-m/crtbegin.o
 .eh_frame      0x0000a9a0        0x4 c:/users/10977/appdata/local/arduino15/packages/seeeduino/tools/arm-none-eabi-gcc/7-2017q4/bin/../lib/gcc/arm-none-eabi/7.2.1/thumb/v6-m/crtend.o

.glue_7         0x0000a9a4        0x0
 .glue_7        0x0000a9a4        0x0 linker stubs

.glue_7t        0x0000a9a4        0x0
 .glue_7t       0x0000a9a4        0x0 linker stubs

.vfp11_veneer   0x0000a9a4        0x0
 .vfp11_veneer  0x0000a9a4        0x0 linker stubs

.v4_bx          0x0000a9a4        0x0
 .v4_bx         0x0000a9a4        0x0 linker stubs

.iplt           0x0000a9a4        0x0
 .iplt          0x0000a9a4        0x0 c:/users/10977/appdata/local/arduino15/packages/seeeduino/tools/arm-none-eabi-gcc/7-2017q4/bin/../lib/gcc/arm-none-eabi/7.2.1/thumb/v6-m/crtbegin.o

.rel.dyn        0x0000a9a4        0x0
 .rel.iplt      0x0000a9a4        0x0 c:/users/10977/appdata/local/arduino15/packages/seeeduino/tools/arm-none-eabi-gcc/7-2017q4/bin/../lib/gcc/arm-none-eabi/7.2.1/thumb/v6-m/crtbegin.o

.ARM.extab
 *(.ARM.extab* .gnu.linkonce.armextab.*)
                0x0000a9a4                __exidx_start = .

.ARM.exidx
 *(.ARM.exidx* .gnu.linkonce.armexidx.*)
                0x0000a9a4                __exidx_end = .
                0x0000a9a4                __etext = .

.data           0x20000000      0x268 load address 0x0000a9a4
                0x20000000                __data_start__ = .
 *(vtable)
 *(.data*)
 .data._ZL10breakValue
                0x20000000        0x4 C:\Users\10977\AppData\Local\arduino\sketches\550267F6FE740117F894C2CF98CCD822/..\..\cores\3ee09314b6a09af4599a5c0e5f7b4062\core.a(CDC.cpp.o)
 .data._ZL12_usbLineInfo
                0x20000004        0x8 C:\Users\10977\AppData\Local\arduino\sketches\550267F6FE740117F894C2CF98CCD822/..\..\cores\3ee09314b6a09af4599a5c0e5f7b4062\core.a(CDC.cpp.o)
 .data._ZL13_cdcInterface
                0x2000000c       0x42 C:\Users\10977\AppData\Local\arduino\sketches\550267F6FE740117F894C2CF98CCD822/..\..\cores\3ee09314b6a09af4599a5c0e5f7b4062\core.a(CDC.cpp.o)
 *fill*         0x2000004e        0x2 
 .data._serialPeek
                0x20000050        0x4 C:\Users\10977\AppData\Local\arduino\sketches\550267F6FE740117F894C2CF98CCD822/..\..\cores\3ee09314b6a09af4599a5c0e5f7b4062\core.a(CDC.cpp.o)
                0x20000050                _serialPeek
 .data.EndPoints
                0x20000054       0x28 C:\Users\10977\AppData\Local\arduino\sketches\550267F6FE740117F894C2CF98CCD822/..\..\cores\3ee09314b6a09af4599a5c0e5f7b4062\core.a(USBCore.cpp.o)
                0x20000054                EndPoints
 .data.SystemCoreClock
                0x2000007c        0x4 C:\Users\10977\AppData\Local\arduino\sketches\550267F6FE740117F894C2CF98CCD822/..\..\cores\3ee09314b6a09af4599a5c0e5f7b4062\core.a(wiring.c.o)
                0x2000007c                SystemCoreClock
 .data._ZL5ticks
                0x20000080        0x4 C:\Users\10977\AppData\Local\arduino\sketches\550267F6FE740117F894C2CF98CCD822/..\..\cores\3ee09314b6a09af4599a5c0e5f7b4062\core.a(Reset.cpp.o)
 .data._impure_ptr
                0x20000084        0x4 c:/users/10977/appdata/local/arduino15/packages/seeeduino/tools/arm-none-eabi-gcc/7-2017q4/bin/../lib/gcc/arm-none-eabi/7.2.1/../../../../arm-none-eabi/lib/thumb/v6-m\libc_nano.a(lib_a-impure.o)
                0x20000084                _impure_ptr
 .data.impure_data
                0x20000088       0x60 c:/users/10977/appdata/local/arduino15/packages/seeeduino/tools/arm-none-eabi-gcc/7-2017q4/bin/../lib/gcc/arm-none-eabi/7.2.1/../../../../arm-none-eabi/lib/thumb/v6-m\libc_nano.a(lib_a-impure.o)
 .data.__global_locale
                0x200000e8      0x16c c:/users/10977/appdata/local/arduino15/packages/seeeduino/tools/arm-none-eabi-gcc/7-2017q4/bin/../lib/gcc/arm-none-eabi/7.2.1/../../../../arm-none-eabi/lib/thumb/v6-m\libc_nano.a(lib_a-locale.o)
                0x200000e8                __global_locale
                0x20000254                . = ALIGN (0x4)
                0x20000254                PROVIDE (__preinit_array_start, .)
 *(.preinit_array)
                0x20000254                PROVIDE (__preinit_array_end, .)
                0x20000254                . = ALIGN (0x4)
                0x20000254                PROVIDE (__init_array_start, .)
 *(SORT_BY_NAME(.init_array.*))
 *(.init_array)
 .init_array    0x20000254        0x4 c:/users/10977/appdata/local/arduino15/packages/seeeduino/tools/arm-none-eabi-gcc/7-2017q4/bin/../lib/gcc/arm-none-eabi/7.2.1/thumb/v6-m/crtbegin.o
 .init_array    0x20000258        0x4 C:\Users\10977\AppData\Local\arduino\sketches\550267F6FE740117F894C2CF98CCD822\core\variant.cpp.o
 .init_array    0x2000025c        0x4 C:\Users\10977\AppData\Local\arduino\sketches\550267F6FE740117F894C2CF98CCD822/..\..\cores\3ee09314b6a09af4599a5c0e5f7b4062\core.a(CDC.cpp.o)
 .init_array    0x20000260        0x4 C:\Users\10977\AppData\Local\arduino\sketches\550267F6FE740117F894C2CF98CCD822/..\..\cores\3ee09314b6a09af4599a5c0e5f7b4062\core.a(USBCore.cpp.o)
                0x20000264                PROVIDE (__init_array_end, .)
                0x20000264                . = ALIGN (0x4)
                [!provide]                PROVIDE (__fini_array_start, .)
 *(SORT_BY_NAME(.fini_array.*))
 *(.fini_array)
 .fini_array    0x20000264        0x4 c:/users/10977/appdata/local/arduino15/packages/seeeduino/tools/arm-none-eabi-gcc/7-2017q4/bin/../lib/gcc/arm-none-eabi/7.2.1/thumb/v6-m/crtbegin.o
                [!provide]                PROVIDE (__fini_array_end, .)
 *(.jcr*)
                0x20000268                . = ALIGN (0x4)
                0x20000268                __data_end__ = .

.igot.plt       0x20000268        0x0 load address 0x0000ac0c
 .igot.plt      0x20000268        0x0 c:/users/10977/appdata/local/arduino15/packages/seeeduino/tools/arm-none-eabi-gcc/7-2017q4/bin/../lib/gcc/arm-none-eabi/7.2.1/thumb/v6-m/crtbegin.o

.bss            0x20000268      0x86c load address 0x0000ac0c
                0x20000268                . = ALIGN (0x4)
                0x20000268                __bss_start__ = .
 *(.bss*)
 .bss           0x20000268       0x1c c:/users/10977/appdata/local/arduino15/packages/seeeduino/tools/arm-none-eabi-gcc/7-2017q4/bin/../lib/gcc/arm-none-eabi/7.2.1/thumb/v6-m/crtbegin.o
 .bss.Serial1   0x20000284      0x23c C:\Users\10977\AppData\Local\arduino\sketches\550267F6FE740117F894C2CF98CCD822\core\variant.cpp.o
                0x20000284                Serial1
 .bss.sercom0   0x200004c0        0x4 C:\Users\10977\AppData\Local\arduino\sketches\550267F6FE740117F894C2CF98CCD822\core\variant.cpp.o
                0x200004c0                sercom0
 .bss.sercom1   0x200004c4        0x4 C:\Users\10977\AppData\Local\arduino\sketches\550267F6FE740117F894C2CF98CCD822\core\variant.cpp.o
                0x200004c4                sercom1
 .bss.sercom2   0x200004c8        0x4 C:\Users\10977\AppData\Local\arduino\sketches\550267F6FE740117F894C2CF98CCD822\core\variant.cpp.o
                0x200004c8                sercom2
 .bss.sercom3   0x200004cc        0x4 C:\Users\10977\AppData\Local\arduino\sketches\550267F6FE740117F894C2CF98CCD822\core\variant.cpp.o
                0x200004cc                sercom3
 .bss.sercom4   0x200004d0        0x4 C:\Users\10977\AppData\Local\arduino\sketches\550267F6FE740117F894C2CF98CCD822\core\variant.cpp.o
                0x200004d0                sercom4
 .bss.sercom5   0x200004d4        0x4 C:\Users\10977\AppData\Local\arduino\sketches\550267F6FE740117F894C2CF98CCD822\core\variant.cpp.o
                0x200004d4                sercom5
 .bss.Serial    0x200004d8       0x1c C:\Users\10977\AppData\Local\arduino\sketches\550267F6FE740117F894C2CF98CCD822/..\..\cores\3ee09314b6a09af4599a5c0e5f7b4062\core.a(CDC.cpp.o)
                0x200004d8                Serial
 .bss.USBDevice
                0x200004f4        0x1 C:\Users\10977\AppData\Local\arduino\sketches\550267F6FE740117F894C2CF98CCD822/..\..\cores\3ee09314b6a09af4599a5c0e5f7b4062\core.a(USBCore.cpp.o)
                0x200004f4                USBDevice
 *fill*         0x200004f5        0x3 
 .bss._ZL10epHandlers
                0x200004f8       0x1c C:\Users\10977\AppData\Local\arduino\sketches\550267F6FE740117F894C2CF98CCD822/..\..\cores\3ee09314b6a09af4599a5c0e5f7b4062\core.a(USBCore.cpp.o)
 .bss._ZL10rxLEDPulse
                0x20000514        0x1 C:\Users\10977\AppData\Local\arduino\sketches\550267F6FE740117F894C2CF98CCD822/..\..\cores\3ee09314b6a09af4599a5c0e5f7b4062\core.a(USBCore.cpp.o)
 .bss._ZL10txLEDPulse
                0x20000515        0x1 C:\Users\10977\AppData\Local\arduino\sketches\550267F6FE740117F894C2CF98CCD822/..\..\cores\3ee09314b6a09af4599a5c0e5f7b4062\core.a(USBCore.cpp.o)
 .bss._ZL14isEndpointHalt
                0x20000516        0x1 C:\Users\10977\AppData\Local\arduino\sketches\550267F6FE740117F894C2CF98CCD822/..\..\cores\3ee09314b6a09af4599a5c0e5f7b4062\core.a(USBCore.cpp.o)
 .bss._ZL20LastTransmitTimedOut
                0x20000517        0x7 C:\Users\10977\AppData\Local\arduino\sketches\550267F6FE740117F894C2CF98CCD822/..\..\cores\3ee09314b6a09af4599a5c0e5f7b4062\core.a(USBCore.cpp.o)
 .bss._ZL21isRemoteWakeUpEnabled